Archive member included to satisfy reference by file (symbol)

/home/imtiaz/st/stm32cubeide_1.4.0_2/plugins/com.st.stm32cube.ide.mcu.externaltools.gnu-tools-for-stm32.7-2018-q2-update.linux64_1.4.0.202007081208/tools/bin/../lib/gcc/arm-none-eabi/7.3.1/../../../../arm-none-eabi/lib/thumb/v7e-m/fpv4-sp/hard/libc_nano.a(lib_a-errno.o)
                              Core/Src/syscalls.o (__errno)
/home/imtiaz/st/stm32cubeide_1.4.0_2/plugins/com.st.stm32cube.ide.mcu.externaltools.gnu-tools-for-stm32.7-2018-q2-update.linux64_1.4.0.202007081208/tools/bin/../lib/gcc/arm-none-eabi/7.3.1/../../../../arm-none-eabi/lib/thumb/v7e-m/fpv4-sp/hard/libc_nano.a(lib_a-exit.o)
                              /home/imtiaz/st/stm32cubeide_1.4.0_2/plugins/com.st.stm32cube.ide.mcu.externaltools.gnu-tools-for-stm32.7-2018-q2-update.linux64_1.4.0.202007081208/tools/bin/../lib/gcc/arm-none-eabi/7.3.1/../../../../arm-none-eabi/lib/thumb/v7e-m/fpv4-sp/hard/crt0.o (exit)
/home/imtiaz/st/stm32cubeide_1.4.0_2/plugins/com.st.stm32cube.ide.mcu.externaltools.gnu-tools-for-stm32.7-2018-q2-update.linux64_1.4.0.202007081208/tools/bin/../lib/gcc/arm-none-eabi/7.3.1/../../../../arm-none-eabi/lib/thumb/v7e-m/fpv4-sp/hard/libc_nano.a(lib_a-impure.o)
                              /home/imtiaz/st/stm32cubeide_1.4.0_2/plugins/com.st.stm32cube.ide.mcu.externaltools.gnu-tools-for-stm32.7-2018-q2-update.linux64_1.4.0.202007081208/tools/bin/../lib/gcc/arm-none-eabi/7.3.1/../../../../arm-none-eabi/lib/thumb/v7e-m/fpv4-sp/hard/libc_nano.a(lib_a-exit.o) (_global_impure_ptr)
/home/imtiaz/st/stm32cubeide_1.4.0_2/plugins/com.st.stm32cube.ide.mcu.externaltools.gnu-tools-for-stm32.7-2018-q2-update.linux64_1.4.0.202007081208/tools/bin/../lib/gcc/arm-none-eabi/7.3.1/../../../../arm-none-eabi/lib/thumb/v7e-m/fpv4-sp/hard/libc_nano.a(lib_a-init.o)
                              /home/imtiaz/st/stm32cubeide_1.4.0_2/plugins/com.st.stm32cube.ide.mcu.externaltools.gnu-tools-for-stm32.7-2018-q2-update.linux64_1.4.0.202007081208/tools/bin/../lib/gcc/arm-none-eabi/7.3.1/../../../../arm-none-eabi/lib/thumb/v7e-m/fpv4-sp/hard/crt0.o (__libc_init_array)
/home/imtiaz/st/stm32cubeide_1.4.0_2/plugins/com.st.stm32cube.ide.mcu.externaltools.gnu-tools-for-stm32.7-2018-q2-update.linux64_1.4.0.202007081208/tools/bin/../lib/gcc/arm-none-eabi/7.3.1/../../../../arm-none-eabi/lib/thumb/v7e-m/fpv4-sp/hard/libc_nano.a(lib_a-memset.o)
                              /home/imtiaz/st/stm32cubeide_1.4.0_2/plugins/com.st.stm32cube.ide.mcu.externaltools.gnu-tools-for-stm32.7-2018-q2-update.linux64_1.4.0.202007081208/tools/bin/../lib/gcc/arm-none-eabi/7.3.1/../../../../arm-none-eabi/lib/thumb/v7e-m/fpv4-sp/hard/crt0.o (memset)
/home/imtiaz/st/stm32cubeide_1.4.0_2/plugins/com.st.stm32cube.ide.mcu.externaltools.gnu-tools-for-stm32.7-2018-q2-update.linux64_1.4.0.202007081208/tools/bin/../lib/gcc/arm-none-eabi/7.3.1/thumb/v7e-m/fpv4-sp/hard/libgcc.a(_aeabi_uldivmod.o)
                              Drivers/STM32F4xx_HAL_Driver/Src/stm32f4xx_hal_rcc.o (__aeabi_uldivmod)
/home/imtiaz/st/stm32cubeide_1.4.0_2/plugins/com.st.stm32cube.ide.mcu.externaltools.gnu-tools-for-stm32.7-2018-q2-update.linux64_1.4.0.202007081208/tools/bin/../lib/gcc/arm-none-eabi/7.3.1/thumb/v7e-m/fpv4-sp/hard/libgcc.a(_udivmoddi4.o)
                              /home/imtiaz/st/stm32cubeide_1.4.0_2/plugins/com.st.stm32cube.ide.mcu.externaltools.gnu-tools-for-stm32.7-2018-q2-update.linux64_1.4.0.202007081208/tools/bin/../lib/gcc/arm-none-eabi/7.3.1/thumb/v7e-m/fpv4-sp/hard/libgcc.a(_aeabi_uldivmod.o) (__udivmoddi4)
/home/imtiaz/st/stm32cubeide_1.4.0_2/plugins/com.st.stm32cube.ide.mcu.externaltools.gnu-tools-for-stm32.7-2018-q2-update.linux64_1.4.0.202007081208/tools/bin/../lib/gcc/arm-none-eabi/7.3.1/thumb/v7e-m/fpv4-sp/hard/libgcc.a(_dvmd_tls.o)
                              /home/imtiaz/st/stm32cubeide_1.4.0_2/plugins/com.st.stm32cube.ide.mcu.externaltools.gnu-tools-for-stm32.7-2018-q2-update.linux64_1.4.0.202007081208/tools/bin/../lib/gcc/arm-none-eabi/7.3.1/thumb/v7e-m/fpv4-sp/hard/libgcc.a(_aeabi_uldivmod.o) (__aeabi_ldiv0)

Allocating common symbols
Common symbol       size              file

uwTick              0x4               Drivers/STM32F4xx_HAL_Driver/Src/stm32f4xx_hal.o
pFlash              0x20              Drivers/STM32F4xx_HAL_Driver/Src/stm32f4xx_hal_flash.o

Discarded input sections

 .text          0x0000000000000000        0x0 /home/imtiaz/st/stm32cubeide_1.4.0_2/plugins/com.st.stm32cube.ide.mcu.externaltools.gnu-tools-for-stm32.7-2018-q2-update.linux64_1.4.0.202007081208/tools/bin/../lib/gcc/arm-none-eabi/7.3.1/thumb/v7e-m/fpv4-sp/hard/crti.o
 .data          0x0000000000000000        0x0 /home/imtiaz/st/stm32cubeide_1.4.0_2/plugins/com.st.stm32cube.ide.mcu.externaltools.gnu-tools-for-stm32.7-2018-q2-update.linux64_1.4.0.202007081208/tools/bin/../lib/gcc/arm-none-eabi/7.3.1/thumb/v7e-m/fpv4-sp/hard/crti.o
[...]
Memory Configuration

Name             Origin             Length             Attributes
CCMRAM           0x0000000010000000 0x0000000000010000 xrw
RAM              0x0000000020000000 0x0000000000020000 xrw
FLASH            0x0000000008000000 0x0000000000100000 xr
*default*        0x0000000000000000 0xffffffffffffffff

Linker script and memory map

LOAD /home/imtiaz/st/stm32cubeide_1.4.0_2/plugins/com.st.stm32cube.ide.mcu.externaltools.gnu-tools-for-stm32.7-2018-q2-update.linux64_1.4.0.202007081208/tools/bin/../lib/gcc/arm-none-eabi/7.3.1/thumb/v7e-m/fpv4-sp/hard/crti.o
LOAD /home/imtiaz/st/stm32cubeide_1.4.0_2/plugins/com.st.stm32cube.ide.mcu.externaltools.gnu-tools-for-stm32.7-2018-q2-update.linux64_1.4.0.202007081208/tools/bin/../lib/gcc/arm-none-eabi/7.3.1/thumb/v7e-m/fpv4-sp/hard/crtbegin.o
LOAD /home/imtiaz/st/stm32cubeide_1.4.0_2/plugins/com.st.stm32cube.ide.mcu.externaltools.gnu-tools-for-stm32.7-2018-q2-update.linux64_1.4.0.202007081208/tools/bin/../lib/gcc/arm-none-eabi/7.3.1/../../../../arm-none-eabi/lib/thumb/v7e-m/fpv4-sp/hard/crt0.o
LOAD Core/Src/main.o
LOAD Core/Src/stm32f4xx_hal_msp.o
LOAD Core/Src/stm32f4xx_it.o
LOAD Core/Src/syscalls.o
LOAD Core/Src/sysmem.o
LOAD Core/Src/system_stm32f4xx.o
LOAD Core/Startup/startup_stm32f407vgtx.o
LOAD Drivers/STM32F4xx_HAL_Driver/Src/stm32f4xx_hal.o
LOAD Drivers/STM32F4xx_HAL_Driver/Src/stm32f4xx_hal_cortex.o
LOAD Drivers/STM32F4xx_HAL_Driver/Src/stm32f4xx_hal_dma.o
LOAD Drivers/STM32F4xx_HAL_Driver/Src/stm32f4xx_hal_dma_ex.o
LOAD Drivers/STM32F4xx_HAL_Driver/Src/stm32f4xx_hal_exti.o
LOAD Drivers/STM32F4xx_HAL_Driver/Src/stm32f4xx_hal_flash.o
LOAD Drivers/STM32F4xx_HAL_Driver/Src/stm32f4xx_hal_flash_ex.o
LOAD Drivers/STM32F4xx_HAL_Driver/Src/stm32f4xx_hal_flash_ramfunc.o
LOAD Drivers/STM32F4xx_HAL_Driver/Src/stm32f4xx_hal_gpio.o
LOAD Drivers/STM32F4xx_HAL_Driver/Src/stm32f4xx_hal_pwr.o
LOAD Drivers/STM32F4xx_HAL_Driver/Src/stm32f4xx_hal_pwr_ex.o
LOAD Drivers/STM32F4xx_HAL_Driver/Src/stm32f4xx_hal_rcc.o
LOAD Drivers/STM32F4xx_HAL_Driver/Src/stm32f4xx_hal_rcc_ex.o
LOAD Drivers/STM32F4xx_HAL_Driver/Src/stm32f4xx_hal_tim.o
LOAD Drivers/STM32F4xx_HAL_Driver/Src/stm32f4xx_hal_tim_ex.o
START GROUP
LOAD /home/imtiaz/st/stm32cubeide_1.4.0_2/plugins/com.st.stm32cube.ide.mcu.externaltools.gnu-tools-for-stm32.7-2018-q2-update.linux64_1.4.0.202007081208/tools/bin/../lib/gcc/arm-none-eabi/7.3.1/../../../../arm-none-eabi/lib/thumb/v7e-m/fpv4-sp/hard/libc_nano.a
LOAD /home/imtiaz/st/stm32cubeide_1.4.0_2/plugins/com.st.stm32cube.ide.mcu.externaltools.gnu-tools-for-stm32.7-2018-q2-update.linux64_1.4.0.202007081208/tools/bin/../lib/gcc/arm-none-eabi/7.3.1/../../../../arm-none-eabi/lib/thumb/v7e-m/fpv4-sp/hard/libm.a
END GROUP
START GROUP
LOAD /home/imtiaz/st/stm32cubeide_1.4.0_2/plugins/com.st.stm32cube.ide.mcu.externaltools.gnu-tools-for-stm32.7-2018-q2-update.linux64_1.4.0.202007081208/tools/bin/../lib/gcc/arm-none-eabi/7.3.1/thumb/v7e-m/fpv4-sp/hard/libgcc.a
LOAD /home/imtiaz/st/stm32cubeide_1.4.0_2/plugins/com.st.stm32cube.ide.mcu.externaltools.gnu-tools-for-stm32.7-2018-q2-update.linux64_1.4.0.202007081208/tools/bin/../lib/gcc/arm-none-eabi/7.3.1/../../../../arm-none-eabi/lib/thumb/v7e-m/fpv4-sp/hard/libc_nano.a
END GROUP
START GROUP
LOAD /home/imtiaz/st/stm32cubeide_1.4.0_2/plugins/com.st.stm32cube.ide.mcu.externaltools.gnu-tools-for-stm32.7-2018-q2-update.linux64_1.4.0.202007081208/tools/bin/../lib/gcc/arm-none-eabi/7.3.1/thumb/v7e-m/fpv4-sp/hard/libgcc.a
LOAD /home/imtiaz/st/stm32cubeide_1.4.0_2/plugins/com.st.stm32cube.ide.mcu.externaltools.gnu-tools-for-stm32.7-2018-q2-update.linux64_1.4.0.202007081208/tools/bin/../lib/gcc/arm-none-eabi/7.3.1/../../../../arm-none-eabi/lib/thumb/v7e-m/fpv4-sp/hard/libc_nano.a
LOAD /home/imtiaz/st/stm32cubeide_1.4.0_2/plugins/com.st.stm32cube.ide.mcu.externaltools.gnu-tools-for-stm32.7-2018-q2-update.linux64_1.4.0.202007081208/tools/bin/../lib/gcc/arm-none-eabi/7.3.1/../../../../arm-none-eabi/lib/thumb/v7e-m/fpv4-sp/hard/libnosys.a
END GROUP
START GROUP
LOAD /home/imtiaz/st/stm32cubeide_1.4.0_2/plugins/com.st.stm32cube.ide.mcu.externaltools.gnu-tools-for-stm32.7-2018-q2-update.linux64_1.4.0.202007081208/tools/bin/../lib/gcc/arm-none-eabi/7.3.1/thumb/v7e-m/fpv4-sp/hard/libgcc.a
LOAD /home/imtiaz/st/stm32cubeide_1.4.0_2/plugins/com.st.stm32cube.ide.mcu.externaltools.gnu-tools-for-stm32.7-2018-q2-update.linux64_1.4.0.202007081208/tools/bin/../lib/gcc/arm-none-eabi/7.3.1/../../../../arm-none-eabi/lib/thumb/v7e-m/fpv4-sp/hard/libc_nano.a
LOAD /home/imtiaz/st/stm32cubeide_1.4.0_2/plugins/com.st.stm32cube.ide.mcu.externaltools.gnu-tools-for-stm32.7-2018-q2-update.linux64_1.4.0.202007081208/tools/bin/../lib/gcc/arm-none-eabi/7.3.1/../../../../arm-none-eabi/lib/thumb/v7e-m/fpv4-sp/hard/libnosys.a
END GROUP
LOAD /home/imtiaz/st/stm32cubeide_1.4.0_2/plugins/com.st.stm32cube.ide.mcu.externaltools.gnu-tools-for-stm32.7-2018-q2-update.linux64_1.4.0.202007081208/tools/bin/../lib/gcc/arm-none-eabi/7.3.1/thumb/v7e-m/fpv4-sp/hard/crtend.o
LOAD /home/imtiaz/st/stm32cubeide_1.4.0_2/plugins/com.st.stm32cube.ide.mcu.externaltools.gnu-tools-for-stm32.7-2018-q2-update.linux64_1.4.0.202007081208/tools/bin/../lib/gcc/arm-none-eabi/7.3.1/thumb/v7e-m/fpv4-sp/hard/crtn.o
                0x0000000020020000                _estack = (ORIGIN (RAM) + LENGTH (RAM))
                0x0000000000000200                _Min_Heap_Size = 0x200
                0x0000000000000400                _Min_Stack_Size = 0x400

.isr_vector     0x0000000008000000      0x188
                0x0000000008000000                . = ALIGN (0x4)
 *(.isr_vector)
 .isr_vector    0x0000000008000000      0x188 Core/Startup/startup_stm32f407vgtx.o
                0x0000000008000000                g_pfnVectors
                0x0000000008000188                . = ALIGN (0x4)

.text           0x0000000008000188      0x914
                0x0000000008000188                . = ALIGN (0x4)
 *(.text)
 .text          0x0000000008000188       0x40 /home/imtiaz/st/stm32cubeide_1.4.0_2/plugins/com.st.stm32cube.ide.mcu.externaltools.gnu-tools-for-stm32.7-2018-q2-update.linux64_1.4.0.202007081208/tools/bin/../lib/gcc/arm-none-eabi/7.3.1/thumb/v7e-m/fpv4-sp/hard/crtbegin.o
 *(.text*)
 .text.main     0x00000000080001c8       0x3e Core/Src/main.o
                0x00000000080001c8                main
 *fill*         0x0000000008000206        0x2 
 .text.EnableHeartBeat
                0x0000000008000208       0x50 Core/Src/main.o
                0x0000000008000208                EnableHeartBeat
 .text.HeartBeat
                0x0000000008000258       0x5c Core/Src/main.o
                0x0000000008000258                HeartBeat
 .text.HAL_MspInit
                0x00000000080002b4       0x50 Core/Src/stm32f4xx_hal_msp.o
                0x00000000080002b4                HAL_MspInit
 .text.NMI_Handler
                0x0000000008000304        0xe Core/Src/stm32f4xx_it.o
                0x0000000008000304                NMI_Handler
 .text.HardFault_Handler
                0x0000000008000312        0x6 Core/Src/stm32f4xx_it.o
                0x0000000008000312                HardFault_Handler
 .text.MemManage_Handler
                0x0000000008000318        0x6 Core/Src/stm32f4xx_it.o
                0x0000000008000318                MemManage_Handler
 .text.BusFault_Handler
                0x000000000800031e        0x6 Core/Src/stm32f4xx_it.o
                0x000000000800031e                BusFault_Handler
 .text.UsageFault_Handler
                0x0000000008000324        0x6 Core/Src/stm32f4xx_it.o
                0x0000000008000324                UsageFault_Handler
 .text.SVC_Handler
                0x000000000800032a        0xe Core/Src/stm32f4xx_it.o
                0x000000000800032a                SVC_Handler
 .text.DebugMon_Handler
                0x0000000008000338        0xe Core/Src/stm32f4xx_it.o
                0x0000000008000338                DebugMon_Handler
 .text.PendSV_Handler
                0x0000000008000346        0xe Core/Src/stm32f4xx_it.o
                0x0000000008000346                PendSV_Handler
 .text.SysTick_Handler
                0x0000000008000354        0xc Core/Src/stm32f4xx_it.o
                0x0000000008000354                SysTick_Handler
 .text.SystemInit
                0x0000000008000360       0x2c Core/Src/system_stm32f4xx.o
                0x0000000008000360                SystemInit
 .text.Reset_Handler
                0x000000000800038c       0x50 Core/Startup/startup_stm32f407vgtx.o
                0x000000000800038c                Reset_Handler
 .text.Default_Handler
                0x00000000080003dc        0x2 Core/Startup/startup_stm32f407vgtx.o
                0x00000000080003dc                RTC_Alarm_IRQHandler
                0x00000000080003dc                HASH_RNG_IRQHandler
                0x00000000080003dc                EXTI2_IRQHandler
                0x00000000080003dc                TIM8_CC_IRQHandler
                0x00000000080003dc                TIM1_CC_IRQHandler
                0x00000000080003dc                DMA2_Stream5_IRQHandler
                0x00000000080003dc                DMA1_Stream5_IRQHandler
                0x00000000080003dc                PVD_IRQHandler
                0x00000000080003dc                SDIO_IRQHandler
                0x00000000080003dc                TAMP_STAMP_IRQHandler
                0x00000000080003dc                CAN2_RX1_IRQHandler
                0x00000000080003dc                EXTI3_IRQHandler
                0x00000000080003dc                TIM8_TRG_COM_TIM14_IRQHandler
                0x00000000080003dc                TIM1_UP_TIM10_IRQHandler
                0x00000000080003dc                TIM8_UP_TIM13_IRQHandler
                0x00000000080003dc                I2C3_ER_IRQHandler
                0x00000000080003dc                EXTI0_IRQHandler
                0x00000000080003dc                I2C2_EV_IRQHandler
                0x00000000080003dc                DMA1_Stream2_IRQHandler
                0x00000000080003dc                CAN1_RX0_IRQHandler
                0x00000000080003dc                FPU_IRQHandler
                0x00000000080003dc                OTG_HS_WKUP_IRQHandler
                0x00000000080003dc                CAN2_SCE_IRQHandler
                0x00000000080003dc                DMA2_Stream2_IRQHandler
                0x00000000080003dc                SPI1_IRQHandler
                0x00000000080003dc                TIM6_DAC_IRQHandler
                0x00000000080003dc                TIM1_BRK_TIM9_IRQHandler
                0x00000000080003dc                DCMI_IRQHandler
                0x00000000080003dc                CAN2_RX0_IRQHandler
                0x00000000080003dc                DMA2_Stream3_IRQHandler
                0x00000000080003dc                USART6_IRQHandler
                0x00000000080003dc                USART3_IRQHandler
                0x00000000080003dc                CAN1_RX1_IRQHandler
                0x00000000080003dc                UART5_IRQHandler
                0x00000000080003dc                DMA2_Stream0_IRQHandler
                0x00000000080003dc                TIM4_IRQHandler
                0x00000000080003dc                I2C1_EV_IRQHandler
                0x00000000080003dc                DMA1_Stream6_IRQHandler
                0x00000000080003dc                DMA1_Stream1_IRQHandler
                0x00000000080003dc                UART4_IRQHandler
                0x00000000080003dc                TIM3_IRQHandler
                0x00000000080003dc                RCC_IRQHandler
                0x00000000080003dc                TIM8_BRK_TIM12_IRQHandler
                0x00000000080003dc                Default_Handler
                0x00000000080003dc                EXTI15_10_IRQHandler
                0x00000000080003dc                ADC_IRQHandler
                0x00000000080003dc                DMA1_Stream7_IRQHandler
                0x00000000080003dc                TIM7_IRQHandler
                0x00000000080003dc                CAN2_TX_IRQHandler
                0x00000000080003dc                TIM5_IRQHandler
                0x00000000080003dc                DMA2_Stream7_IRQHandler
                0x00000000080003dc                I2C3_EV_IRQHandler
                0x00000000080003dc                EXTI9_5_IRQHandler
                0x00000000080003dc                RTC_WKUP_IRQHandler
                0x00000000080003dc                ETH_WKUP_IRQHandler
                0x00000000080003dc                SPI2_IRQHandler
                0x00000000080003dc                OTG_HS_EP1_IN_IRQHandler
                0x00000000080003dc                DMA1_Stream0_IRQHandler
                0x00000000080003dc                CAN1_TX_IRQHandler
                0x00000000080003dc                EXTI4_IRQHandler
                0x00000000080003dc                FSMC_IRQHandler
                0x00000000080003dc                ETH_IRQHandler
                0x00000000080003dc                OTG_HS_EP1_OUT_IRQHandler
                0x00000000080003dc                WWDG_IRQHandler
                0x00000000080003dc                TIM2_IRQHandler
                0x00000000080003dc                OTG_FS_WKUP_IRQHandler
                0x00000000080003dc                TIM1_TRG_COM_TIM11_IRQHandler
                0x00000000080003dc                OTG_HS_IRQHandler
                0x00000000080003dc                EXTI1_IRQHandler
                0x00000000080003dc                USART2_IRQHandler
                0x00000000080003dc                I2C2_ER_IRQHandler
                0x00000000080003dc                DMA2_Stream1_IRQHandler
                0x00000000080003dc                CAN1_SCE_IRQHandler
                0x00000000080003dc                FLASH_IRQHandler
                0x00000000080003dc                DMA2_Stream4_IRQHandler
                0x00000000080003dc                USART1_IRQHandler
                0x00000000080003dc                OTG_FS_IRQHandler
                0x00000000080003dc                SPI3_IRQHandler
                0x00000000080003dc                DMA1_Stream4_IRQHandler
                0x00000000080003dc                I2C1_ER_IRQHandler
                0x00000000080003dc                DMA2_Stream6_IRQHandler
                0x00000000080003dc                DMA1_Stream3_IRQHandler
 *fill*         0x00000000080003de        0x2 
 .text.HAL_Init
                0x00000000080003e0       0x44 Drivers/STM32F4xx_HAL_Driver/Src/stm32f4xx_hal.o
                0x00000000080003e0                HAL_Init
 .text.HAL_InitTick
                0x0000000008000424       0x60 Drivers/STM32F4xx_HAL_Driver/Src/stm32f4xx_hal.o
                0x0000000008000424                HAL_InitTick
 .text.HAL_IncTick
                0x0000000008000484       0x28 Drivers/STM32F4xx_HAL_Driver/Src/stm32f4xx_hal.o
                0x0000000008000484                HAL_IncTick
 .text.HAL_GetTick
                0x00000000080004ac       0x18 Drivers/STM32F4xx_HAL_Driver/Src/stm32f4xx_hal.o
                0x00000000080004ac                HAL_GetTick
 .text.HAL_Delay
                0x00000000080004c4       0x44 Drivers/STM32F4xx_HAL_Driver/Src/stm32f4xx_hal.o
                0x00000000080004c4                HAL_Delay
 .text.__NVIC_SetPriorityGrouping
                0x0000000008000508       0x48 Drivers/STM32F4xx_HAL_Driver/Src/stm32f4xx_hal_cortex.o
 .text.__NVIC_GetPriorityGrouping
                0x0000000008000550       0x1c Drivers/STM32F4xx_HAL_Driver/Src/stm32f4xx_hal_cortex.o
 .text.__NVIC_SetPriority
                0x000000000800056c       0x54 Drivers/STM32F4xx_HAL_Driver/Src/stm32f4xx_hal_cortex.o
 .text.NVIC_EncodePriority
                0x00000000080005c0       0x66 Drivers/STM32F4xx_HAL_Driver/Src/stm32f4xx_hal_cortex.o
 *fill*         0x0000000008000626        0x2 
 .text.SysTick_Config
                0x0000000008000628       0x44 Drivers/STM32F4xx_HAL_Driver/Src/stm32f4xx_hal_cortex.o
 .text.HAL_NVIC_SetPriorityGrouping
                0x000000000800066c       0x16 Drivers/STM32F4xx_HAL_Driver/Src/stm32f4xx_hal_cortex.o
                0x000000000800066c                HAL_NVIC_SetPriorityGrouping
 .text.HAL_NVIC_SetPriority
                0x0000000008000682       0x38 Drivers/STM32F4xx_HAL_Driver/Src/stm32f4xx_hal_cortex.o
                0x0000000008000682                HAL_NVIC_SetPriority
 .text.HAL_SYSTICK_Config
                0x00000000080006ba       0x18 Drivers/STM32F4xx_HAL_Driver/Src/stm32f4xx_hal_cortex.o
                0x00000000080006ba                HAL_SYSTICK_Config
 *fill*         0x00000000080006d2        0x2 
 .text.HAL_GPIO_Init
                0x00000000080006d4      0x334 Drivers/STM32F4xx_HAL_Driver/Src/stm32f4xx_hal_gpio.o
                0x00000000080006d4                HAL_GPIO_Init
 .text.HAL_GPIO_WritePin
                0x0000000008000a08       0x32 Drivers/STM32F4xx_HAL_Driver/Src/stm32f4xx_hal_gpio.o
                0x0000000008000a08                HAL_GPIO_WritePin
 *fill*         0x0000000008000a3a        0x2 
 .text.__libc_init_array
                0x0000000008000a3c       0x48 /home/imtiaz/st/stm32cubeide_1.4.0_2/plugins/com.st.stm32cube.ide.mcu.externaltools.gnu-tools-for-stm32.7-2018-q2-update.linux64_1.4.0.202007081208/tools/bin/../lib/gcc/arm-none-eabi/7.3.1/../../../../arm-none-eabi/lib/thumb/v7e-m/fpv4-sp/hard/libc_nano.a(lib_a-init.o)
                0x0000000008000a3c                __libc_init_array
 *(.glue_7)
 .glue_7        0x0000000008000a84        0x0 linker stubs
 *(.glue_7t)
 .glue_7t       0x0000000008000a84        0x0 linker stubs
 *(.eh_frame)
 .eh_frame      0x0000000008000a84        0x0 /home/imtiaz/st/stm32cubeide_1.4.0_2/plugins/com.st.stm32cube.ide.mcu.externaltools.gnu-tools-for-stm32.7-2018-q2-update.linux64_1.4.0.202007081208/tools/bin/../lib/gcc/arm-none-eabi/7.3.1/thumb/v7e-m/fpv4-sp/hard/crtbegin.o
 *(.init)
 .init          0x0000000008000a84        0x4 /home/imtiaz/st/stm32cubeide_1.4.0_2/plugins/com.st.stm32cube.ide.mcu.externaltools.gnu-tools-for-stm32.7-2018-q2-update.linux64_1.4.0.202007081208/tools/bin/../lib/gcc/arm-none-eabi/7.3.1/thumb/v7e-m/fpv4-sp/hard/crti.o
                0x0000000008000a84                _init
 .init          0x0000000008000a88        0x8 /home/imtiaz/st/stm32cubeide_1.4.0_2/plugins/com.st.stm32cube.ide.mcu.externaltools.gnu-tools-for-stm32.7-2018-q2-update.linux64_1.4.0.202007081208/tools/bin/../lib/gcc/arm-none-eabi/7.3.1/thumb/v7e-m/fpv4-sp/hard/crtn.o
 *(.fini)
 .fini          0x0000000008000a90        0x4 /home/imtiaz/st/stm32cubeide_1.4.0_2/plugins/com.st.stm32cube.ide.mcu.externaltools.gnu-tools-for-stm32.7-2018-q2-update.linux64_1.4.0.202007081208/tools/bin/../lib/gcc/arm-none-eabi/7.3.1/thumb/v7e-m/fpv4-sp/hard/crti.o
                0x0000000008000a90                _fini
 .fini          0x0000000008000a94        0x8 /home/imtiaz/st/stm32cubeide_1.4.0_2/plugins/com.st.stm32cube.ide.mcu.externaltools.gnu-tools-for-stm32.7-2018-q2-update.linux64_1.4.0.202007081208/tools/bin/../lib/gcc/arm-none-eabi/7.3.1/thumb/v7e-m/fpv4-sp/hard/crtn.o
                0x0000000008000a9c                . = ALIGN (0x4)
                0x0000000008000a9c                _etext = .

.vfp11_veneer   0x0000000008000a9c        0x0
 .vfp11_veneer  0x0000000008000a9c        0x0 linker stubs

.v4_bx          0x0000000008000a9c        0x0
 .v4_bx         0x0000000008000a9c        0x0 linker stubs

.iplt           0x0000000008000a9c        0x0
 .iplt          0x0000000008000a9c        0x0 /home/imtiaz/st/stm32cubeide_1.4.0_2/plugins/com.st.stm32cube.ide.mcu.externaltools.gnu-tools-for-stm32.7-2018-q2-update.linux64_1.4.0.202007081208/tools/bin/../lib/gcc/arm-none-eabi/7.3.1/thumb/v7e-m/fpv4-sp/hard/crtbegin.o

.rel.dyn        0x0000000008000a9c        0x0
 .rel.iplt      0x0000000008000a9c        0x0 /home/imtiaz/st/stm32cubeide_1.4.0_2/plugins/com.st.stm32cube.ide.mcu.externaltools.gnu-tools-for-stm32.7-2018-q2-update.linux64_1.4.0.202007081208/tools/bin/../lib/gcc/arm-none-eabi/7.3.1/thumb/v7e-m/fpv4-sp/hard/crtbegin.o

.rodata         0x0000000008000a9c        0x0
                0x0000000008000a9c                . = ALIGN (0x4)
 *(.rodata)
 *(.rodata*)
                0x0000000008000a9c                . = ALIGN (0x4)

.ARM.extab      0x0000000008000a9c        0x0
                0x0000000008000a9c                . = ALIGN (0x4)
 *(.ARM.extab* .gnu.linkonce.armextab.*)
                0x0000000008000a9c                . = ALIGN (0x4)

.ARM            0x0000000008000a9c        0x0
                0x0000000008000a9c                . = ALIGN (0x4)
                0x0000000008000a9c                __exidx_start = .
 *(.ARM.exidx*)
                0x0000000008000a9c                __exidx_end = .
                0x0000000008000a9c                . = ALIGN (0x4)

.preinit_array  0x0000000008000a9c        0x0
                0x0000000008000a9c                . = ALIGN (0x4)
                0x0000000008000a9c                PROVIDE (__preinit_array_start = .)
 *(.preinit_array*)
                0x0000000008000a9c                PROVIDE (__preinit_array_end = .)
                0x0000000008000a9c                . = ALIGN (0x4)

.init_array     0x0000000008000a9c        0x4
                0x0000000008000a9c                . = ALIGN (0x4)
                0x0000000008000a9c                PROVIDE (__init_array_start = .)
 *(SORT_BY_NAME(.init_array.*))
 *(.init_array*)
 .init_array    0x0000000008000a9c        0x4 /home/imtiaz/st/stm32cubeide_1.4.0_2/plugins/com.st.stm32cube.ide.mcu.externaltools.gnu-tools-for-stm32.7-2018-q2-update.linux64_1.4.0.202007081208/tools/bin/../lib/gcc/arm-none-eabi/7.3.1/thumb/v7e-m/fpv4-sp/hard/crtbegin.o
                0x0000000008000aa0                PROVIDE (__init_array_end = .)
                0x0000000008000aa0                . = ALIGN (0x4)

.fini_array     0x0000000008000aa0        0x4
                0x0000000008000aa0                . = ALIGN (0x4)
                [!provide]                        PROVIDE (__fini_array_start = .)
 *(SORT_BY_NAME(.fini_array.*))
 *(.fini_array*)
 .fini_array    0x0000000008000aa0        0x4 /home/imtiaz/st/stm32cubeide_1.4.0_2/plugins/com.st.stm32cube.ide.mcu.externaltools.gnu-tools-for-stm32.7-2018-q2-update.linux64_1.4.0.202007081208/tools/bin/../lib/gcc/arm-none-eabi/7.3.1/thumb/v7e-m/fpv4-sp/hard/crtbegin.o
                [!provide]                        PROVIDE (__fini_array_end = .)
                0x0000000008000aa4                . = ALIGN (0x4)
                0x0000000008000aa4                _sidata = LOADADDR (.data)

.data           0x0000000020000000        0xc load address 0x0000000008000aa4
                0x0000000020000000                . = ALIGN (0x4)
                0x0000000020000000                _sdata = .
 *(.data)
 *(.data*)
 .data.SystemCoreClock
                0x0000000020000000        0x4 Core/Src/system_stm32f4xx.o
                0x0000000020000000                SystemCoreClock
 .data.uwTickPrio
                0x0000000020000004        0x4 Drivers/STM32F4xx_HAL_Driver/Src/stm32f4xx_hal.o
                0x0000000020000004                uwTickPrio
 .data.uwTickFreq
                0x0000000020000008        0x1 Drivers/STM32F4xx_HAL_Driver/Src/stm32f4xx_hal.o
                0x0000000020000008                uwTickFreq
                0x000000002000000c                . = ALIGN (0x4)
 *fill*         0x0000000020000009        0x3 
                0x000000002000000c                _edata = .

.igot.plt       0x000000002000000c        0x0 load address 0x0000000008000ab0
 .igot.plt      0x000000002000000c        0x0 /home/imtiaz/st/stm32cubeide_1.4.0_2/plugins/com.st.stm32cube.ide.mcu.externaltools.gnu-tools-for-stm32.7-2018-q2-update.linux64_1.4.0.202007081208/tools/bin/../lib/gcc/arm-none-eabi/7.3.1/thumb/v7e-m/fpv4-sp/hard/crtbegin.o
                0x000000002000000c                . = ALIGN (0x4)

.bss            0x000000002000000c       0x20 load address 0x0000000008000ab0
                0x000000002000000c                _sbss = .
                0x000000002000000c                __bss_start__ = _sbss
 *(.bss)
 .bss           0x000000002000000c       0x1c /home/imtiaz/st/stm32cubeide_1.4.0_2/plugins/com.st.stm32cube.ide.mcu.externaltools.gnu-tools-for-stm32.7-2018-q2-update.linux64_1.4.0.202007081208/tools/bin/../lib/gcc/arm-none-eabi/7.3.1/thumb/v7e-m/fpv4-sp/hard/crtbegin.o
 *(.bss*)
 *(COMMON)
 COMMON         0x0000000020000028        0x4 Drivers/STM32F4xx_HAL_Driver/Src/stm32f4xx_hal.o
                0x0000000020000028                uwTick
                0x000000002000002c                . = ALIGN (0x4)
                0x000000002000002c                _ebss = .
                0x000000002000002c                __bss_end__ = _ebss

._user_heap_stack
                0x000000002000002c      0x604 load address 0x0000000008000ab0
                0x0000000020000030                . = ALIGN (0x8)
 *fill*         0x000000002000002c        0x4 
                [!provide]                        PROVIDE (end = .)
                0x0000000020000030                PROVIDE (_end = .)
                0x0000000020000230                . = (. + _Min_Heap_Size)
 *fill*         0x0000000020000030      0x200 
                0x0000000020000630                . = (. + _Min_Stack_Size)
 *fill*         0x0000000020000230      0x400 
                0x0000000020000630                . = ALIGN (0x8)

/DISCARD/
 libc.a(*)
 libm.a(*)
 libgcc.a(*)

.ARM.attributes
                0x0000000000000000       0x30
 *(.ARM.attributes)
 .ARM.attributes
                0x0000000000000000       0x22 /home/imtiaz/st/stm32cubeide_1.4.0_2/plugins/com.st.stm32cube.ide.mcu.externaltools.gnu-tools-for-stm32.7-2018-q2-update.linux64_1.4.0.202007081208/tools/bin/../lib/gcc/arm-none-eabi/7.3.1/thumb/v7e-m/fpv4-sp/hard/crti.o
 .ARM.attributes
                0x0000000000000022       0x34 /home/imtiaz/st/stm32cubeide_1.4.0_2/plugins/com.st.stm32cube.ide.mcu.externaltools.gnu-tools-for-stm32.7-2018-q2-update.linux64_1.4.0.202007081208/tools/bin/../lib/gcc/arm-none-eabi/7.3.1/thumb/v7e-m/fpv4-sp/hard/crtbegin.o
 .ARM.attributes
                0x0000000000000056       0x39 Core/Src/main.o
 .ARM.attributes
                0x000000000000008f       0x39 Core/Src/stm32f4xx_hal_msp.o
 .ARM.attributes
                0x00000000000000c8       0x39 Core/Src/stm32f4xx_it.o
 .ARM.attributes
                0x0000000000000101       0x39 Core/Src/system_stm32f4xx.o
 .ARM.attributes
                0x000000000000013a       0x21 Core/Startup/startup_stm32f407vgtx.o
 .ARM.attributes
                0x000000000000015b       0x39 Drivers/STM32F4xx_HAL_Driver/Src/stm32f4xx_hal.o
 .ARM.attributes
                0x0000000000000194       0x39 Drivers/STM32F4xx_HAL_Driver/Src/stm32f4xx_hal_cortex.o
 .ARM.attributes
                0x00000000000001cd       0x39 Drivers/STM32F4xx_HAL_Driver/Src/stm32f4xx_hal_gpio.o
 .ARM.attributes
                0x0000000000000206       0x34 /home/imtiaz/st/stm32cubeide_1.4.0_2/plugins/com.st.stm32cube.ide.mcu.externaltools.gnu-tools-for-stm32.7-2018-q2-update.linux64_1.4.0.202007081208/tools/bin/../lib/gcc/arm-none-eabi/7.3.1/../../../../arm-none-eabi/lib/thumb/v7e-m/fpv4-sp/hard/libc_nano.a(lib_a-init.o)
 .ARM.attributes
                0x000000000000023a       0x22 /home/imtiaz/st/stm32cubeide_1.4.0_2/plugins/com.st.stm32cube.ide.mcu.externaltools.gnu-tools-for-stm32.7-2018-q2-update.linux64_1.4.0.202007081208/tools/bin/../lib/gcc/arm-none-eabi/7.3.1/thumb/v7e-m/fpv4-sp/hard/crtn.o
OUTPUT(LAB_6.elf elf32-littlearm)

.debug_info     0x0000000000000000     0x317b
 .debug_info    0x0000000000000000      0x777 Core/Src/main.o
 .debug_info    0x0000000000000777      0x362 Core/Src/stm32f4xx_hal_msp.o
 .debug_info    0x0000000000000ad9      0x20a Core/Src/stm32f4xx_it.o
 .debug_info    0x0000000000000ce3      0x554 Core/Src/system_stm32f4xx.o
 .debug_info    0x0000000000001237       0x22 Core/Startup/startup_stm32f407vgtx.o
 .debug_info    0x0000000000001259      0x945 Drivers/STM32F4xx_HAL_Driver/Src/stm32f4xx_hal.o
 .debug_info    0x0000000000001b9e      0xe28 Drivers/STM32F4xx_HAL_Driver/Src/stm32f4xx_hal_cortex.o
 .debug_info    0x00000000000029c6      0x7b5 Drivers/STM32F4xx_HAL_Driver/Src/stm32f4xx_hal_gpio.o

.debug_abbrev   0x0000000000000000      0xb2e
 .debug_abbrev  0x0000000000000000      0x198 Core/Src/main.o
 .debug_abbrev  0x0000000000000198      0x109 Core/Src/stm32f4xx_hal_msp.o
 .debug_abbrev  0x00000000000002a1       0xc6 Core/Src/stm32f4xx_it.o
 .debug_abbrev  0x0000000000000367      0x12b Core/Src/system_stm32f4xx.o
 .debug_abbrev  0x0000000000000492       0x12 Core/Startup/startup_stm32f407vgtx.o
 .debug_abbrev  0x00000000000004a4      0x1c7 Drivers/STM32F4xx_HAL_Driver/Src/stm32f4xx_hal.o
 .debug_abbrev  0x000000000000066b      0x2fa Drivers/STM32F4xx_HAL_Driver/Src/stm32f4xx_hal_cortex.o
 .debug_abbrev  0x0000000000000965      0x1c9 Drivers/STM32F4xx_HAL_Driver/Src/stm32f4xx_hal_gpio.o

.debug_aranges  0x0000000000000000      0x378
 .debug_aranges
                0x0000000000000000       0x48 Core/Src/main.o
 .debug_aranges
                0x0000000000000048       0x20 Core/Src/stm32f4xx_hal_msp.o
 .debug_aranges
                0x0000000000000068       0x60 Core/Src/stm32f4xx_it.o
 .debug_aranges
                0x00000000000000c8       0x28 Core/Src/system_stm32f4xx.o
 .debug_aranges
                0x00000000000000f0       0x28 Core/Startup/startup_stm32f407vgtx.o
 .debug_aranges
                0x0000000000000118       0xf0 Drivers/STM32F4xx_HAL_Driver/Src/stm32f4xx_hal.o
 .debug_aranges
                0x0000000000000208      0x118 Drivers/STM32F4xx_HAL_Driver/Src/stm32f4xx_hal_cortex.o
 .debug_aranges
                0x0000000000000320       0x58 Drivers/STM32F4xx_HAL_Driver/Src/stm32f4xx_hal_gpio.o

.debug_ranges   0x0000000000000000      0x300
 .debug_ranges  0x0000000000000000       0x38 Core/Src/main.o
 .debug_ranges  0x0000000000000038       0x10 Core/Src/stm32f4xx_hal_msp.o
 .debug_ranges  0x0000000000000048       0x50 Core/Src/stm32f4xx_it.o
 .debug_ranges  0x0000000000000098       0x18 Core/Src/system_stm32f4xx.o
 .debug_ranges  0x00000000000000b0       0x20 Core/Startup/startup_stm32f407vgtx.o
 .debug_ranges  0x00000000000000d0       0xe0 Drivers/STM32F4xx_HAL_Driver/Src/stm32f4xx_hal.o
 .debug_ranges  0x00000000000001b0      0x108 Drivers/STM32F4xx_HAL_Driver/Src/stm32f4xx_hal_cortex.o
 .debug_ranges  0x00000000000002b8       0x48 Drivers/STM32F4xx_HAL_Driver/Src/stm32f4xx_hal_gpio.o

.debug_macro    0x0000000000000000    0x1ec01
 .debug_macro   0x0000000000000000      0x1cb Core/Src/main.o
 .debug_macro   0x00000000000001cb      0xa5a Core/Src/main.o
 .debug_macro   0x0000000000000c25      0x288 Core/Src/main.o
 .debug_macro   0x0000000000000ead       0x2e Core/Src/main.o
 .debug_macro   0x0000000000000edb       0x2f Core/Src/main.o
 .debug_macro   0x0000000000000f0a       0x22 Core/Src/main.o
 .debug_macro   0x0000000000000f2c       0x8e Core/Src/main.o
 .debug_macro   0x0000000000000fba       0x51 Core/Src/main.o
 .debug_macro   0x000000000000100b       0xef Core/Src/main.o
 .debug_macro   0x00000000000010fa       0x6a Core/Src/main.o
 .debug_macro   0x0000000000001164      0x1df Core/Src/main.o
 .debug_macro   0x0000000000001343       0x1c Core/Src/main.o
 .debug_macro   0x000000000000135f       0x22 Core/Src/main.o
 .debug_macro   0x0000000000001381       0xdf Core/Src/main.o
 .debug_macro   0x0000000000001460     0x102d Core/Src/main.o
 .debug_macro   0x000000000000248d      0x11f Core/Src/main.o
 .debug_macro   0x00000000000025ac    0x15e3c Core/Src/main.o
 .debug_macro   0x00000000000183e8       0x43 Core/Src/main.o
 .debug_macro   0x000000000001842b     0x3659 Core/Src/main.o
 .debug_macro   0x000000000001ba84      0x174 Core/Src/main.o
 .debug_macro   0x000000000001bbf8       0x5a Core/Src/main.o
 .debug_macro   0x000000000001bc52      0x96b Core/Src/main.o
 .debug_macro   0x000000000001c5bd      0x9fe Core/Src/main.o
 .debug_macro   0x000000000001cfbb      0x117 Core/Src/main.o
 .debug_macro   0x000000000001d0d2      0x13e Core/Src/main.o
 .debug_macro   0x000000000001d210       0x27 Core/Src/main.o
 .debug_macro   0x000000000001d237      0x174 Core/Src/main.o
 .debug_macro   0x000000000001d3ab      0x287 Core/Src/main.o
 .debug_macro   0x000000000001d632       0x5f Core/Src/main.o
 .debug_macro   0x000000000001d691      0x236 Core/Src/main.o
 .debug_macro   0x000000000001d8c7      0x12c Core/Src/main.o
 .debug_macro   0x000000000001d9f3      0x21e Core/Src/main.o
 .debug_macro   0x000000000001dc11       0x2e Core/Src/main.o
 .debug_macro   0x000000000001dc3f      0x11a Core/Src/main.o
 .debug_macro   0x000000000001dd59       0x7e Core/Src/main.o
 .debug_macro   0x000000000001ddd7       0x89 Core/Src/main.o
 .debug_macro   0x000000000001de60      0x12d Core/Src/main.o
 .debug_macro   0x000000000001df8d      0x190 Core/Src/main.o
 .debug_macro   0x000000000001e11d      0x1bf Core/Src/stm32f4xx_hal_msp.o
 .debug_macro   0x000000000001e2dc      0x1c9 Core/Src/stm32f4xx_it.o
 .debug_macro   0x000000000001e4a5      0x1b6 Core/Src/system_stm32f4xx.o
 .debug_macro   0x000000000001e65b      0x210 Drivers/STM32F4xx_HAL_Driver/Src/stm32f4xx_hal.o
 .debug_macro   0x000000000001e86b      0x1b0 Drivers/STM32F4xx_HAL_Driver/Src/stm32f4xx_hal_cortex.o
 .debug_macro   0x000000000001ea1b      0x1e6 Drivers/STM32F4xx_HAL_Driver/Src/stm32f4xx_hal_gpio.o

.debug_line     0x0000000000000000     0x36ae
 .debug_line    0x0000000000000000      0x76f Core/Src/main.o
 .debug_line    0x000000000000076f      0x67d Core/Src/stm32f4xx_hal_msp.o
 .debug_line    0x0000000000000dec      0x720 Core/Src/stm32f4xx_it.o
 .debug_line    0x000000000000150c      0x697 Core/Src/system_stm32f4xx.o
 .debug_line    0x0000000000001ba3       0x85 Core/Startup/startup_stm32f407vgtx.o
 .debug_line    0x0000000000001c28      0x881 Drivers/STM32F4xx_HAL_Driver/Src/stm32f4xx_hal.o
 .debug_line    0x00000000000024a9      0x9a5 Drivers/STM32F4xx_HAL_Driver/Src/stm32f4xx_hal_cortex.o
 .debug_line    0x0000000000002e4e      0x860 Drivers/STM32F4xx_HAL_Driver/Src/stm32f4xx_hal_gpio.o

.debug_str      0x0000000000000000    0xbb931
 .debug_str     0x0000000000000000    0xba73a Core/Src/main.o
                                      0xba9d2 (size before relaxing)
 .debug_str     0x00000000000ba73a       0x2c Core/Src/stm32f4xx_hal_msp.o
                                      0xba79c (size before relaxing)
 .debug_str     0x00000000000ba766       0xbd Core/Src/stm32f4xx_it.o
                                      0xba72a (size before relaxing)
 .debug_str     0x00000000000ba823       0xc4 Core/Src/system_stm32f4xx.o
                                      0xba1be (size before relaxing)
 .debug_str     0x00000000000ba8e7       0x36 Core/Startup/startup_stm32f407vgtx.o
                                         0x6c (size before relaxing)
 .debug_str     0x00000000000ba91d      0xa5e Drivers/STM32F4xx_HAL_Driver/Src/stm32f4xx_hal.o
                                      0xbac8b (size before relaxing)
 .debug_str     0x00000000000bb37b      0x3aa Drivers/STM32F4xx_HAL_Driver/Src/stm32f4xx_hal_cortex.o
                                      0xbaa7a (size before relaxing)
 .debug_str     0x00000000000bb725      0x20c Drivers/STM32F4xx_HAL_Driver/Src/stm32f4xx_hal_gpio.o
                                      0xba3fd (size before relaxing)

.comment        0x0000000000000000       0x7b
 .comment       0x0000000000000000       0x7b Core/Src/main.o
                                         0x7c (size before relaxing)
 .comment       0x000000000000007b       0x7c Core/Src/stm32f4xx_hal_msp.o
 .comment       0x000000000000007b       0x7c Core/Src/stm32f4xx_it.o
 .comment       0x000000000000007b       0x7c Core/Src/system_stm32f4xx.o
 .comment       0x000000000000007b       0x7c Drivers/STM32F4xx_HAL_Driver/Src/stm32f4xx_hal.o
 .comment       0x000000000000007b       0x7c Drivers/STM32F4xx_HAL_Driver/Src/stm32f4xx_hal_cortex.o
 .comment       0x000000000000007b       0x7c Drivers/STM32F4xx_HAL_Driver/Src/stm32f4xx_hal_gpio.o

.debug_frame    0x0000000000000000      0xbfc
 .debug_frame   0x0000000000000000       0xe0 Core/Src/main.o
 .debug_frame   0x00000000000000e0       0x34 Core/Src/stm32f4xx_hal_msp.o
 .debug_frame   0x0000000000000114      0x10c Core/Src/stm32f4xx_it.o
 .debug_frame   0x0000000000000220       0x58 Core/Src/system_stm32f4xx.o
 .debug_frame   0x0000000000000278      0x374 Drivers/STM32F4xx_HAL_Driver/Src/stm32f4xx_hal.o
 .debug_frame   0x00000000000005ec      0x498 Drivers/STM32F4xx_HAL_Driver/Src/stm32f4xx_hal_cortex.o
 .debug_frame   0x0000000000000a84      0x14c Drivers/STM32F4xx_HAL_Driver/Src/stm32f4xx_hal_gpio.o
 .debug_frame   0x0000000000000bd0       0x2c /home/imtiaz/st/stm32cubeide_1.4.0_2/plugins/com.st.stm32cube.ide.mcu.externaltools.gnu-tools-for-stm32.7-2018-q2-update.linux64_1.4.0.202007081208/tools/bin/../lib/gcc/arm-none-eabi/7.3.1/../../../../arm-none-eabi/lib/thumb/v7e-m/fpv4-sp/hard/libc_nano.a(lib_a-init.o)
