Archive member included to satisfy reference by file (symbol)

/home/imtiaz/st/stm32cubeide_1.4.0_2/plugins/com.st.stm32cube.ide.mcu.externaltools.gnu-tools-for-stm32.7-2018-q2-update.linux64_1.4.0.202007081208/tools/bin/../lib/gcc/arm-none-eabi/7.3.1/../../../../arm-none-eabi/lib/thumb/v7e-m/fpv4-sp/hard/libc_nano.a(lib_a-errno.o)
                              Core/Src/syscalls.o (__errno)
/home/imtiaz/st/stm32cubeide_1.4.0_2/plugins/com.st.stm32cube.ide.mcu.externaltools.gnu-tools-for-stm32.7-2018-q2-update.linux64_1.4.0.202007081208/tools/bin/../lib/gcc/arm-none-eabi/7.3.1/../../../../arm-none-eabi/lib/thumb/v7e-m/fpv4-sp/hard/libc_nano.a(lib_a-exit.o)
                              /home/imtiaz/st/stm32cubeide_1.4.0_2/plugins/com.st.stm32cube.ide.mcu.externaltools.gnu-tools-for-stm32.7-2018-q2-update.linux64_1.4.0.202007081208/tools/bin/../lib/gcc/arm-none-eabi/7.3.1/../../../../arm-none-eabi/lib/thumb/v7e-m/fpv4-sp/hard/crt0.o (exit)
/home/imtiaz/st/stm32cubeide_1.4.0_2/plugins/com.st.stm32cube.ide.mcu.externaltools.gnu-tools-for-stm32.7-2018-q2-update.linux64_1.4.0.202007081208/tools/bin/../lib/gcc/arm-none-eabi/7.3.1/../../../../arm-none-eabi/lib/thumb/v7e-m/fpv4-sp/hard/libc_nano.a(lib_a-impure.o)
                              /home/imtiaz/st/stm32cubeide_1.4.0_2/plugins/com.st.stm32cube.ide.mcu.externaltools.gnu-tools-for-stm32.7-2018-q2-update.linux64_1.4.0.202007081208/tools/bin/../lib/gcc/arm-none-eabi/7.3.1/../../../../arm-none-eabi/lib/thumb/v7e-m/fpv4-sp/hard/libc_nano.a(lib_a-exit.o) (_global_impure_ptr)
/home/imtiaz/st/stm32cubeide_1.4.0_2/plugins/com.st.stm32cube.ide.mcu.externaltools.gnu-tools-for-stm32.7-2018-q2-update.linux64_1.4.0.202007081208/tools/bin/../lib/gcc/arm-none-eabi/7.3.1/../../../../arm-none-eabi/lib/thumb/v7e-m/fpv4-sp/hard/libc_nano.a(lib_a-init.o)
                              /home/imtiaz/st/stm32cubeide_1.4.0_2/plugins/com.st.stm32cube.ide.mcu.externaltools.gnu-tools-for-stm32.7-2018-q2-update.linux64_1.4.0.202007081208/tools/bin/../lib/gcc/arm-none-eabi/7.3.1/../../../../arm-none-eabi/lib/thumb/v7e-m/fpv4-sp/hard/crt0.o (__libc_init_array)
/home/imtiaz/st/stm32cubeide_1.4.0_2/plugins/com.st.stm32cube.ide.mcu.externaltools.gnu-tools-for-stm32.7-2018-q2-update.linux64_1.4.0.202007081208/tools/bin/../lib/gcc/arm-none-eabi/7.3.1/../../../../arm-none-eabi/lib/thumb/v7e-m/fpv4-sp/hard/libc_nano.a(lib_a-memset.o)
                              /home/imtiaz/st/stm32cubeide_1.4.0_2/plugins/com.st.stm32cube.ide.mcu.externaltools.gnu-tools-for-stm32.7-2018-q2-update.linux64_1.4.0.202007081208/tools/bin/../lib/gcc/arm-none-eabi/7.3.1/../../../../arm-none-eabi/lib/thumb/v7e-m/fpv4-sp/hard/crt0.o (memset)
/home/imtiaz/st/stm32cubeide_1.4.0_2/plugins/com.st.stm32cube.ide.mcu.externaltools.gnu-tools-for-stm32.7-2018-q2-update.linux64_1.4.0.202007081208/tools/bin/../lib/gcc/arm-none-eabi/7.3.1/thumb/v7e-m/fpv4-sp/hard/libgcc.a(_aeabi_uldivmod.o)
                              Drivers/STM32F4xx_HAL_Driver/Src/stm32f4xx_hal_rcc.o (__aeabi_uldivmod)
/home/imtiaz/st/stm32cubeide_1.4.0_2/plugins/com.st.stm32cube.ide.mcu.externaltools.gnu-tools-for-stm32.7-2018-q2-update.linux64_1.4.0.202007081208/tools/bin/../lib/gcc/arm-none-eabi/7.3.1/thumb/v7e-m/fpv4-sp/hard/libgcc.a(_udivmoddi4.o)
                              /home/imtiaz/st/stm32cubeide_1.4.0_2/plugins/com.st.stm32cube.ide.mcu.externaltools.gnu-tools-for-stm32.7-2018-q2-update.linux64_1.4.0.202007081208/tools/bin/../lib/gcc/arm-none-eabi/7.3.1/thumb/v7e-m/fpv4-sp/hard/libgcc.a(_aeabi_uldivmod.o) (__udivmoddi4)
/home/imtiaz/st/stm32cubeide_1.4.0_2/plugins/com.st.stm32cube.ide.mcu.externaltools.gnu-tools-for-stm32.7-2018-q2-update.linux64_1.4.0.202007081208/tools/bin/../lib/gcc/arm-none-eabi/7.3.1/thumb/v7e-m/fpv4-sp/hard/libgcc.a(_dvmd_tls.o)
                              /home/imtiaz/st/stm32cubeide_1.4.0_2/plugins/com.st.stm32cube.ide.mcu.externaltools.gnu-tools-for-stm32.7-2018-q2-update.linux64_1.4.0.202007081208/tools/bin/../lib/gcc/arm-none-eabi/7.3.1/thumb/v7e-m/fpv4-sp/hard/libgcc.a(_aeabi_uldivmod.o) (__aeabi_ldiv0)

Allocating common symbols
Common symbol       size              file

system_block        0x8               Core/Src/lights.o
uwTick              0x4               Drivers/STM32F4xx_HAL_Driver/Src/stm32f4xx_hal.o
pFlash              0x20              Drivers/STM32F4xx_HAL_Driver/Src/stm32f4xx_hal_flash.o

Discarded input sections

 .text          0x0000000000000000        0x0 /home/imtiaz/st/stm32cubeide_1.4.0_2/plugins/com.st.stm32cube.ide.mcu.externaltools.gnu-tools-for-stm32.7-2018-q2-update.linux64_1.4.0.202007081208/tools/bin/../lib/gcc/arm-none-eabi/7.3.1/thumb/v7e-m/fpv4-sp/hard/crti.o
 .data          0x0000000000000000        0x0 /home/imtiaz/st/stm32cubeide_1.4.0_2/plugins/com.st.stm32cube.ide.mcu.externaltools.gnu-tools-for-stm32.7-2018-q2-update.linux64_1.4.0.202007081208/tools/bin/../lib/gcc/arm-none-eabi/7.3.1/thumb/v7e-m/fpv4-sp/hard/crti.o
[...]
Memory Configuration

Name             Origin             Length             Attributes
CCMRAM           0x0000000010000000 0x0000000000010000 xrw
RAM              0x0000000020000000 0x0000000000020000 xrw
FLASH            0x0000000008000000 0x0000000000100000 xr
*default*        0x0000000000000000 0xffffffffffffffff

Linker script and memory map

LOAD /home/imtiaz/st/stm32cubeide_1.4.0_2/plugins/com.st.stm32cube.ide.mcu.externaltools.gnu-tools-for-stm32.7-2018-q2-update.linux64_1.4.0.202007081208/tools/bin/../lib/gcc/arm-none-eabi/7.3.1/thumb/v7e-m/fpv4-sp/hard/crti.o
LOAD /home/imtiaz/st/stm32cubeide_1.4.0_2/plugins/com.st.stm32cube.ide.mcu.externaltools.gnu-tools-for-stm32.7-2018-q2-update.linux64_1.4.0.202007081208/tools/bin/../lib/gcc/arm-none-eabi/7.3.1/thumb/v7e-m/fpv4-sp/hard/crtbegin.o
LOAD /home/imtiaz/st/stm32cubeide_1.4.0_2/plugins/com.st.stm32cube.ide.mcu.externaltools.gnu-tools-for-stm32.7-2018-q2-update.linux64_1.4.0.202007081208/tools/bin/../lib/gcc/arm-none-eabi/7.3.1/../../../../arm-none-eabi/lib/thumb/v7e-m/fpv4-sp/hard/crt0.o
LOAD Core/Src/lights.o
LOAD Core/Src/main.o
LOAD Core/Src/stm32f4xx_hal_msp.o
LOAD Core/Src/stm32f4xx_it.o
LOAD Core/Src/syscalls.o
LOAD Core/Src/sysmem.o
LOAD Core/Src/system_stm32f4xx.o
LOAD Core/Startup/startup_stm32f407vgtx.o
LOAD Drivers/STM32F4xx_HAL_Driver/Src/stm32f4xx_hal.o
LOAD Drivers/STM32F4xx_HAL_Driver/Src/stm32f4xx_hal_cortex.o
LOAD Drivers/STM32F4xx_HAL_Driver/Src/stm32f4xx_hal_dma.o
LOAD Drivers/STM32F4xx_HAL_Driver/Src/stm32f4xx_hal_dma_ex.o
LOAD Drivers/STM32F4xx_HAL_Driver/Src/stm32f4xx_hal_exti.o
LOAD Drivers/STM32F4xx_HAL_Driver/Src/stm32f4xx_hal_flash.o
LOAD Drivers/STM32F4xx_HAL_Driver/Src/stm32f4xx_hal_flash_ex.o
LOAD Drivers/STM32F4xx_HAL_Driver/Src/stm32f4xx_hal_flash_ramfunc.o
LOAD Drivers/STM32F4xx_HAL_Driver/Src/stm32f4xx_hal_gpio.o
LOAD Drivers/STM32F4xx_HAL_Driver/Src/stm32f4xx_hal_pwr.o
LOAD Drivers/STM32F4xx_HAL_Driver/Src/stm32f4xx_hal_pwr_ex.o
LOAD Drivers/STM32F4xx_HAL_Driver/Src/stm32f4xx_hal_rcc.o
LOAD Drivers/STM32F4xx_HAL_Driver/Src/stm32f4xx_hal_rcc_ex.o
LOAD Drivers/STM32F4xx_HAL_Driver/Src/stm32f4xx_hal_tim.o
LOAD Drivers/STM32F4xx_HAL_Driver/Src/stm32f4xx_hal_tim_ex.o
START GROUP
LOAD /home/imtiaz/st/stm32cubeide_1.4.0_2/plugins/com.st.stm32cube.ide.mcu.externaltools.gnu-tools-for-stm32.7-2018-q2-update.linux64_1.4.0.202007081208/tools/bin/../lib/gcc/arm-none-eabi/7.3.1/../../../../arm-none-eabi/lib/thumb/v7e-m/fpv4-sp/hard/libc_nano.a
LOAD /home/imtiaz/st/stm32cubeide_1.4.0_2/plugins/com.st.stm32cube.ide.mcu.externaltools.gnu-tools-for-stm32.7-2018-q2-update.linux64_1.4.0.202007081208/tools/bin/../lib/gcc/arm-none-eabi/7.3.1/../../../../arm-none-eabi/lib/thumb/v7e-m/fpv4-sp/hard/libm.a
END GROUP
START GROUP
LOAD /home/imtiaz/st/stm32cubeide_1.4.0_2/plugins/com.st.stm32cube.ide.mcu.externaltools.gnu-tools-for-stm32.7-2018-q2-update.linux64_1.4.0.202007081208/tools/bin/../lib/gcc/arm-none-eabi/7.3.1/thumb/v7e-m/fpv4-sp/hard/libgcc.a
LOAD /home/imtiaz/st/stm32cubeide_1.4.0_2/plugins/com.st.stm32cube.ide.mcu.externaltools.gnu-tools-for-stm32.7-2018-q2-update.linux64_1.4.0.202007081208/tools/bin/../lib/gcc/arm-none-eabi/7.3.1/../../../../arm-none-eabi/lib/thumb/v7e-m/fpv4-sp/hard/libc_nano.a
END GROUP
START GROUP
LOAD /home/imtiaz/st/stm32cubeide_1.4.0_2/plugins/com.st.stm32cube.ide.mcu.externaltools.gnu-tools-for-stm32.7-2018-q2-update.linux64_1.4.0.202007081208/tools/bin/../lib/gcc/arm-none-eabi/7.3.1/thumb/v7e-m/fpv4-sp/hard/libgcc.a
LOAD /home/imtiaz/st/stm32cubeide_1.4.0_2/plugins/com.st.stm32cube.ide.mcu.externaltools.gnu-tools-for-stm32.7-2018-q2-update.linux64_1.4.0.202007081208/tools/bin/../lib/gcc/arm-none-eabi/7.3.1/../../../../arm-none-eabi/lib/thumb/v7e-m/fpv4-sp/hard/libc_nano.a
LOAD /home/imtiaz/st/stm32cubeide_1.4.0_2/plugins/com.st.stm32cube.ide.mcu.externaltools.gnu-tools-for-stm32.7-2018-q2-update.linux64_1.4.0.202007081208/tools/bin/../lib/gcc/arm-none-eabi/7.3.1/../../../../arm-none-eabi/lib/thumb/v7e-m/fpv4-sp/hard/libnosys.a
END GROUP
START GROUP
LOAD /home/imtiaz/st/stm32cubeide_1.4.0_2/plugins/com.st.stm32cube.ide.mcu.externaltools.gnu-tools-for-stm32.7-2018-q2-update.linux64_1.4.0.202007081208/tools/bin/../lib/gcc/arm-none-eabi/7.3.1/thumb/v7e-m/fpv4-sp/hard/libgcc.a
LOAD /home/imtiaz/st/stm32cubeide_1.4.0_2/plugins/com.st.stm32cube.ide.mcu.externaltools.gnu-tools-for-stm32.7-2018-q2-update.linux64_1.4.0.202007081208/tools/bin/../lib/gcc/arm-none-eabi/7.3.1/../../../../arm-none-eabi/lib/thumb/v7e-m/fpv4-sp/hard/libc_nano.a
LOAD /home/imtiaz/st/stm32cubeide_1.4.0_2/plugins/com.st.stm32cube.ide.mcu.externaltools.gnu-tools-for-stm32.7-2018-q2-update.linux64_1.4.0.202007081208/tools/bin/../lib/gcc/arm-none-eabi/7.3.1/../../../../arm-none-eabi/lib/thumb/v7e-m/fpv4-sp/hard/libnosys.a
END GROUP
LOAD /home/imtiaz/st/stm32cubeide_1.4.0_2/plugins/com.st.stm32cube.ide.mcu.externaltools.gnu-tools-for-stm32.7-2018-q2-update.linux64_1.4.0.202007081208/tools/bin/../lib/gcc/arm-none-eabi/7.3.1/thumb/v7e-m/fpv4-sp/hard/crtend.o
LOAD /home/imtiaz/st/stm32cubeide_1.4.0_2/plugins/com.st.stm32cube.ide.mcu.externaltools.gnu-tools-for-stm32.7-2018-q2-update.linux64_1.4.0.202007081208/tools/bin/../lib/gcc/arm-none-eabi/7.3.1/thumb/v7e-m/fpv4-sp/hard/crtn.o
                0x0000000020020000                _estack = (ORIGIN (RAM) + LENGTH (RAM))
                0x0000000000000200                _Min_Heap_Size = 0x200
                0x0000000000000400                _Min_Stack_Size = 0x400

.isr_vector     0x0000000008000000      0x188
                0x0000000008000000                . = ALIGN (0x4)
 *(.isr_vector)
 .isr_vector    0x0000000008000000      0x188 Core/Startup/startup_stm32f407vgtx.o
                0x0000000008000000                g_pfnVectors
                0x0000000008000188                . = ALIGN (0x4)

.text           0x0000000008000188      0xb50
                0x0000000008000188                . = ALIGN (0x4)
 *(.text)
 .text          0x0000000008000188       0x40 /home/imtiaz/st/stm32cubeide_1.4.0_2/plugins/com.st.stm32cube.ide.mcu.externaltools.gnu-tools-for-stm32.7-2018-q2-update.linux64_1.4.0.202007081208/tools/bin/../lib/gcc/arm-none-eabi/7.3.1/thumb/v7e-m/fpv4-sp/hard/crtbegin.o
 *(.text*)
 .text.goN      0x00000000080001c8       0x30 Core/Src/lights.o
                0x00000000080001c8                goN
 .text.waitN    0x00000000080001f8       0x24 Core/Src/lights.o
                0x00000000080001f8                waitN
 .text.goE      0x000000000800021c       0x30 Core/Src/lights.o
                0x000000000800021c                goE
 .text.waitE    0x000000000800024c       0x24 Core/Src/lights.o
                0x000000000800024c                waitE
 .text.redToGreen
                0x0000000008000270       0x6c Core/Src/lights.o
                0x0000000008000270                redToGreen
 .text.greenToRed
                0x00000000080002dc       0x94 Core/Src/lights.o
                0x00000000080002dc                greenToRed
 .text.main     0x0000000008000370       0x8c Core/Src/main.o
                0x0000000008000370                main
 .text.systemInit
                0x00000000080003fc       0xc4 Core/Src/main.o
                0x00000000080003fc                systemInit
 .text.HAL_MspInit
                0x00000000080004c0       0x50 Core/Src/stm32f4xx_hal_msp.o
                0x00000000080004c0                HAL_MspInit
 .text.NMI_Handler
                0x0000000008000510        0xe Core/Src/stm32f4xx_it.o
                0x0000000008000510                NMI_Handler
 .text.HardFault_Handler
                0x000000000800051e        0x6 Core/Src/stm32f4xx_it.o
                0x000000000800051e                HardFault_Handler
 .text.MemManage_Handler
                0x0000000008000524        0x6 Core/Src/stm32f4xx_it.o
                0x0000000008000524                MemManage_Handler
 .text.BusFault_Handler
                0x000000000800052a        0x6 Core/Src/stm32f4xx_it.o
                0x000000000800052a                BusFault_Handler
 .text.UsageFault_Handler
                0x0000000008000530        0x6 Core/Src/stm32f4xx_it.o
                0x0000000008000530                UsageFault_Handler
 .text.SVC_Handler
                0x0000000008000536        0xe Core/Src/stm32f4xx_it.o
                0x0000000008000536                SVC_Handler
 .text.DebugMon_Handler
                0x0000000008000544        0xe Core/Src/stm32f4xx_it.o
                0x0000000008000544                DebugMon_Handler
 .text.PendSV_Handler
                0x0000000008000552        0xe Core/Src/stm32f4xx_it.o
                0x0000000008000552                PendSV_Handler
 .text.SysTick_Handler
                0x0000000008000560        0xc Core/Src/stm32f4xx_it.o
                0x0000000008000560                SysTick_Handler
 .text.SystemInit
                0x000000000800056c       0x2c Core/Src/system_stm32f4xx.o
                0x000000000800056c                SystemInit
 .text.Reset_Handler
                0x0000000008000598       0x50 Core/Startup/startup_stm32f407vgtx.o
                0x0000000008000598                Reset_Handler
 .text.Default_Handler
                0x00000000080005e8        0x2 Core/Startup/startup_stm32f407vgtx.o
                0x00000000080005e8                RTC_Alarm_IRQHandler
                0x00000000080005e8                HASH_RNG_IRQHandler
                0x00000000080005e8                EXTI2_IRQHandler
                0x00000000080005e8                TIM8_CC_IRQHandler
                0x00000000080005e8                TIM1_CC_IRQHandler
                0x00000000080005e8                DMA2_Stream5_IRQHandler
                0x00000000080005e8                DMA1_Stream5_IRQHandler
                0x00000000080005e8                PVD_IRQHandler
                0x00000000080005e8                SDIO_IRQHandler
                0x00000000080005e8                TAMP_STAMP_IRQHandler
                0x00000000080005e8                CAN2_RX1_IRQHandler
                0x00000000080005e8                EXTI3_IRQHandler
                0x00000000080005e8                TIM8_TRG_COM_TIM14_IRQHandler
                0x00000000080005e8                TIM1_UP_TIM10_IRQHandler
                0x00000000080005e8                TIM8_UP_TIM13_IRQHandler
                0x00000000080005e8                I2C3_ER_IRQHandler
                0x00000000080005e8                EXTI0_IRQHandler
                0x00000000080005e8                I2C2_EV_IRQHandler
                0x00000000080005e8                DMA1_Stream2_IRQHandler
                0x00000000080005e8                CAN1_RX0_IRQHandler
                0x00000000080005e8                FPU_IRQHandler
                0x00000000080005e8                OTG_HS_WKUP_IRQHandler
                0x00000000080005e8                CAN2_SCE_IRQHandler
                0x00000000080005e8                DMA2_Stream2_IRQHandler
                0x00000000080005e8                SPI1_IRQHandler
                0x00000000080005e8                TIM6_DAC_IRQHandler
                0x00000000080005e8                TIM1_BRK_TIM9_IRQHandler
                0x00000000080005e8                DCMI_IRQHandler
                0x00000000080005e8                CAN2_RX0_IRQHandler
                0x00000000080005e8                DMA2_Stream3_IRQHandler
                0x00000000080005e8                USART6_IRQHandler
                0x00000000080005e8                USART3_IRQHandler
                0x00000000080005e8                CAN1_RX1_IRQHandler
                0x00000000080005e8                UART5_IRQHandler
                0x00000000080005e8                DMA2_Stream0_IRQHandler
                0x00000000080005e8                TIM4_IRQHandler
                0x00000000080005e8                I2C1_EV_IRQHandler
                0x00000000080005e8                DMA1_Stream6_IRQHandler
                0x00000000080005e8                DMA1_Stream1_IRQHandler
                0x00000000080005e8                UART4_IRQHandler
                0x00000000080005e8                TIM3_IRQHandler
                0x00000000080005e8                RCC_IRQHandler
                0x00000000080005e8                TIM8_BRK_TIM12_IRQHandler
                0x00000000080005e8                Default_Handler
                0x00000000080005e8                EXTI15_10_IRQHandler
                0x00000000080005e8                ADC_IRQHandler
                0x00000000080005e8                DMA1_Stream7_IRQHandler
                0x00000000080005e8                TIM7_IRQHandler
                0x00000000080005e8                CAN2_TX_IRQHandler
                0x00000000080005e8                TIM5_IRQHandler
                0x00000000080005e8                DMA2_Stream7_IRQHandler
                0x00000000080005e8                I2C3_EV_IRQHandler
                0x00000000080005e8                EXTI9_5_IRQHandler
                0x00000000080005e8                RTC_WKUP_IRQHandler
                0x00000000080005e8                ETH_WKUP_IRQHandler
                0x00000000080005e8                SPI2_IRQHandler
                0x00000000080005e8                OTG_HS_EP1_IN_IRQHandler
                0x00000000080005e8                DMA1_Stream0_IRQHandler
                0x00000000080005e8                CAN1_TX_IRQHandler
                0x00000000080005e8                EXTI4_IRQHandler
                0x00000000080005e8                FSMC_IRQHandler
                0x00000000080005e8                ETH_IRQHandler
                0x00000000080005e8                OTG_HS_EP1_OUT_IRQHandler
                0x00000000080005e8                WWDG_IRQHandler
                0x00000000080005e8                TIM2_IRQHandler
                0x00000000080005e8                OTG_FS_WKUP_IRQHandler
                0x00000000080005e8                TIM1_TRG_COM_TIM11_IRQHandler
                0x00000000080005e8                OTG_HS_IRQHandler
                0x00000000080005e8                EXTI1_IRQHandler
                0x00000000080005e8                USART2_IRQHandler
                0x00000000080005e8                I2C2_ER_IRQHandler
                0x00000000080005e8                DMA2_Stream1_IRQHandler
                0x00000000080005e8                CAN1_SCE_IRQHandler
                0x00000000080005e8                FLASH_IRQHandler
                0x00000000080005e8                DMA2_Stream4_IRQHandler
                0x00000000080005e8                USART1_IRQHandler
                0x00000000080005e8                OTG_FS_IRQHandler
                0x00000000080005e8                SPI3_IRQHandler
                0x00000000080005e8                DMA1_Stream4_IRQHandler
                0x00000000080005e8                I2C1_ER_IRQHandler
                0x00000000080005e8                DMA2_Stream6_IRQHandler
                0x00000000080005e8                DMA1_Stream3_IRQHandler
 *fill*         0x00000000080005ea        0x2 
 .text.HAL_Init
                0x00000000080005ec       0x44 Drivers/STM32F4xx_HAL_Driver/Src/stm32f4xx_hal.o
                0x00000000080005ec                HAL_Init
 .text.HAL_InitTick
                0x0000000008000630       0x60 Drivers/STM32F4xx_HAL_Driver/Src/stm32f4xx_hal.o
                0x0000000008000630                HAL_InitTick
 .text.HAL_IncTick
                0x0000000008000690       0x28 Drivers/STM32F4xx_HAL_Driver/Src/stm32f4xx_hal.o
                0x0000000008000690                HAL_IncTick
 .text.HAL_GetTick
                0x00000000080006b8       0x18 Drivers/STM32F4xx_HAL_Driver/Src/stm32f4xx_hal.o
                0x00000000080006b8                HAL_GetTick
 .text.HAL_Delay
                0x00000000080006d0       0x44 Drivers/STM32F4xx_HAL_Driver/Src/stm32f4xx_hal.o
                0x00000000080006d0                HAL_Delay
 .text.__NVIC_SetPriorityGrouping
                0x0000000008000714       0x48 Drivers/STM32F4xx_HAL_Driver/Src/stm32f4xx_hal_cortex.o
 .text.__NVIC_GetPriorityGrouping
                0x000000000800075c       0x1c Drivers/STM32F4xx_HAL_Driver/Src/stm32f4xx_hal_cortex.o
 .text.__NVIC_SetPriority
                0x0000000008000778       0x54 Drivers/STM32F4xx_HAL_Driver/Src/stm32f4xx_hal_cortex.o
 .text.NVIC_EncodePriority
                0x00000000080007cc       0x66 Drivers/STM32F4xx_HAL_Driver/Src/stm32f4xx_hal_cortex.o
 *fill*         0x0000000008000832        0x2 
 .text.SysTick_Config
                0x0000000008000834       0x44 Drivers/STM32F4xx_HAL_Driver/Src/stm32f4xx_hal_cortex.o
 .text.HAL_NVIC_SetPriorityGrouping
                0x0000000008000878       0x16 Drivers/STM32F4xx_HAL_Driver/Src/stm32f4xx_hal_cortex.o
                0x0000000008000878                HAL_NVIC_SetPriorityGrouping
 .text.HAL_NVIC_SetPriority
                0x000000000800088e       0x38 Drivers/STM32F4xx_HAL_Driver/Src/stm32f4xx_hal_cortex.o
                0x000000000800088e                HAL_NVIC_SetPriority
 .text.HAL_SYSTICK_Config
                0x00000000080008c6       0x18 Drivers/STM32F4xx_HAL_Driver/Src/stm32f4xx_hal_cortex.o
                0x00000000080008c6                HAL_SYSTICK_Config
 *fill*         0x00000000080008de        0x2 
 .text.HAL_GPIO_Init
                0x00000000080008e0      0x334 Drivers/STM32F4xx_HAL_Driver/Src/stm32f4xx_hal_gpio.o
                0x00000000080008e0                HAL_GPIO_Init
 .text.HAL_GPIO_ReadPin
                0x0000000008000c14       0x30 Drivers/STM32F4xx_HAL_Driver/Src/stm32f4xx_hal_gpio.o
                0x0000000008000c14                HAL_GPIO_ReadPin
 .text.HAL_GPIO_WritePin
                0x0000000008000c44       0x32 Drivers/STM32F4xx_HAL_Driver/Src/stm32f4xx_hal_gpio.o
                0x0000000008000c44                HAL_GPIO_WritePin
 *fill*         0x0000000008000c76        0x2 
 .text.__libc_init_array
                0x0000000008000c78       0x48 /home/imtiaz/st/stm32cubeide_1.4.0_2/plugins/com.st.stm32cube.ide.mcu.externaltools.gnu-tools-for-stm32.7-2018-q2-update.linux64_1.4.0.202007081208/tools/bin/../lib/gcc/arm-none-eabi/7.3.1/../../../../arm-none-eabi/lib/thumb/v7e-m/fpv4-sp/hard/libc_nano.a(lib_a-init.o)
                0x0000000008000c78                __libc_init_array
 *(.glue_7)
 .glue_7        0x0000000008000cc0        0x0 linker stubs
 *(.glue_7t)
 .glue_7t       0x0000000008000cc0        0x0 linker stubs
 *(.eh_frame)
 .eh_frame      0x0000000008000cc0        0x0 /home/imtiaz/st/stm32cubeide_1.4.0_2/plugins/com.st.stm32cube.ide.mcu.externaltools.gnu-tools-for-stm32.7-2018-q2-update.linux64_1.4.0.202007081208/tools/bin/../lib/gcc/arm-none-eabi/7.3.1/thumb/v7e-m/fpv4-sp/hard/crtbegin.o
 *(.init)
 .init          0x0000000008000cc0        0x4 /home/imtiaz/st/stm32cubeide_1.4.0_2/plugins/com.st.stm32cube.ide.mcu.externaltools.gnu-tools-for-stm32.7-2018-q2-update.linux64_1.4.0.202007081208/tools/bin/../lib/gcc/arm-none-eabi/7.3.1/thumb/v7e-m/fpv4-sp/hard/crti.o
                0x0000000008000cc0                _init
 .init          0x0000000008000cc4        0x8 /home/imtiaz/st/stm32cubeide_1.4.0_2/plugins/com.st.stm32cube.ide.mcu.externaltools.gnu-tools-for-stm32.7-2018-q2-update.linux64_1.4.0.202007081208/tools/bin/../lib/gcc/arm-none-eabi/7.3.1/thumb/v7e-m/fpv4-sp/hard/crtn.o
 *(.fini)
 .fini          0x0000000008000ccc        0x4 /home/imtiaz/st/stm32cubeide_1.4.0_2/plugins/com.st.stm32cube.ide.mcu.externaltools.gnu-tools-for-stm32.7-2018-q2-update.linux64_1.4.0.202007081208/tools/bin/../lib/gcc/arm-none-eabi/7.3.1/thumb/v7e-m/fpv4-sp/hard/crti.o
                0x0000000008000ccc                _fini
 .fini          0x0000000008000cd0        0x8 /home/imtiaz/st/stm32cubeide_1.4.0_2/plugins/com.st.stm32cube.ide.mcu.externaltools.gnu-tools-for-stm32.7-2018-q2-update.linux64_1.4.0.202007081208/tools/bin/../lib/gcc/arm-none-eabi/7.3.1/thumb/v7e-m/fpv4-sp/hard/crtn.o
                0x0000000008000cd8                . = ALIGN (0x4)
                0x0000000008000cd8                _etext = .

.vfp11_veneer   0x0000000008000cd8        0x0
 .vfp11_veneer  0x0000000008000cd8        0x0 linker stubs

.v4_bx          0x0000000008000cd8        0x0
 .v4_bx         0x0000000008000cd8        0x0 linker stubs

.iplt           0x0000000008000cd8        0x0
 .iplt          0x0000000008000cd8        0x0 /home/imtiaz/st/stm32cubeide_1.4.0_2/plugins/com.st.stm32cube.ide.mcu.externaltools.gnu-tools-for-stm32.7-2018-q2-update.linux64_1.4.0.202007081208/tools/bin/../lib/gcc/arm-none-eabi/7.3.1/thumb/v7e-m/fpv4-sp/hard/crtbegin.o

.rel.dyn        0x0000000008000cd8        0x0
 .rel.iplt      0x0000000008000cd8        0x0 /home/imtiaz/st/stm32cubeide_1.4.0_2/plugins/com.st.stm32cube.ide.mcu.externaltools.gnu-tools-for-stm32.7-2018-q2-update.linux64_1.4.0.202007081208/tools/bin/../lib/gcc/arm-none-eabi/7.3.1/thumb/v7e-m/fpv4-sp/hard/crtbegin.o

.rodata         0x0000000008000cd8        0x0
                0x0000000008000cd8                . = ALIGN (0x4)
 *(.rodata)
 *(.rodata*)
                0x0000000008000cd8                . = ALIGN (0x4)

.ARM.extab      0x0000000008000cd8        0x0
                0x0000000008000cd8                . = ALIGN (0x4)
 *(.ARM.extab* .gnu.linkonce.armextab.*)
                0x0000000008000cd8                . = ALIGN (0x4)

.ARM            0x0000000008000cd8        0x0
                0x0000000008000cd8                . = ALIGN (0x4)
                0x0000000008000cd8                __exidx_start = .
 *(.ARM.exidx*)
                0x0000000008000cd8                __exidx_end = .
                0x0000000008000cd8                . = ALIGN (0x4)

.preinit_array  0x0000000008000cd8        0x0
                0x0000000008000cd8                . = ALIGN (0x4)
                0x0000000008000cd8                PROVIDE (__preinit_array_start = .)
 *(.preinit_array*)
                0x0000000008000cd8                PROVIDE (__preinit_array_end = .)
                0x0000000008000cd8                . = ALIGN (0x4)

.init_array     0x0000000008000cd8        0x4
                0x0000000008000cd8                . = ALIGN (0x4)
                0x0000000008000cd8                PROVIDE (__init_array_start = .)
 *(SORT_BY_NAME(.init_array.*))
 *(.init_array*)
 .init_array    0x0000000008000cd8        0x4 /home/imtiaz/st/stm32cubeide_1.4.0_2/plugins/com.st.stm32cube.ide.mcu.externaltools.gnu-tools-for-stm32.7-2018-q2-update.linux64_1.4.0.202007081208/tools/bin/../lib/gcc/arm-none-eabi/7.3.1/thumb/v7e-m/fpv4-sp/hard/crtbegin.o
                0x0000000008000cdc                PROVIDE (__init_array_end = .)
                0x0000000008000cdc                . = ALIGN (0x4)

.fini_array     0x0000000008000cdc        0x4
                0x0000000008000cdc                . = ALIGN (0x4)
                [!provide]                        PROVIDE (__fini_array_start = .)
 *(SORT_BY_NAME(.fini_array.*))
 *(.fini_array*)
 .fini_array    0x0000000008000cdc        0x4 /home/imtiaz/st/stm32cubeide_1.4.0_2/plugins/com.st.stm32cube.ide.mcu.externaltools.gnu-tools-for-stm32.7-2018-q2-update.linux64_1.4.0.202007081208/tools/bin/../lib/gcc/arm-none-eabi/7.3.1/thumb/v7e-m/fpv4-sp/hard/crtbegin.o
                [!provide]                        PROVIDE (__fini_array_end = .)
                0x0000000008000ce0                . = ALIGN (0x4)
                0x0000000008000ce0                _sidata = LOADADDR (.data)

.data           0x0000000020000000        0xc load address 0x0000000008000ce0
                0x0000000020000000                . = ALIGN (0x4)
                0x0000000020000000                _sdata = .
 *(.data)
 *(.data*)
 .data.SystemCoreClock
                0x0000000020000000        0x4 Core/Src/system_stm32f4xx.o
                0x0000000020000000                SystemCoreClock
 .data.uwTickPrio
                0x0000000020000004        0x4 Drivers/STM32F4xx_HAL_Driver/Src/stm32f4xx_hal.o
                0x0000000020000004                uwTickPrio
 .data.uwTickFreq
                0x0000000020000008        0x1 Drivers/STM32F4xx_HAL_Driver/Src/stm32f4xx_hal.o
                0x0000000020000008                uwTickFreq
                0x000000002000000c                . = ALIGN (0x4)
 *fill*         0x0000000020000009        0x3 
                0x000000002000000c                _edata = .

.igot.plt       0x000000002000000c        0x0 load address 0x0000000008000cec
 .igot.plt      0x000000002000000c        0x0 /home/imtiaz/st/stm32cubeide_1.4.0_2/plugins/com.st.stm32cube.ide.mcu.externaltools.gnu-tools-for-stm32.7-2018-q2-update.linux64_1.4.0.202007081208/tools/bin/../lib/gcc/arm-none-eabi/7.3.1/thumb/v7e-m/fpv4-sp/hard/crtbegin.o
                0x000000002000000c                . = ALIGN (0x4)

.bss            0x000000002000000c       0x28 load address 0x0000000008000cec
                0x000000002000000c                _sbss = .
                0x000000002000000c                __bss_start__ = _sbss
 *(.bss)
 .bss           0x000000002000000c       0x1c /home/imtiaz/st/stm32cubeide_1.4.0_2/plugins/com.st.stm32cube.ide.mcu.externaltools.gnu-tools-for-stm32.7-2018-q2-update.linux64_1.4.0.202007081208/tools/bin/../lib/gcc/arm-none-eabi/7.3.1/thumb/v7e-m/fpv4-sp/hard/crtbegin.o
 *(.bss*)
 *(COMMON)
 COMMON         0x0000000020000028        0x8 Core/Src/lights.o
                0x0000000020000028                system_block
 COMMON         0x0000000020000030        0x4 Drivers/STM32F4xx_HAL_Driver/Src/stm32f4xx_hal.o
                0x0000000020000030                uwTick
                0x0000000020000034                . = ALIGN (0x4)
                0x0000000020000034                _ebss = .
                0x0000000020000034                __bss_end__ = _ebss

._user_heap_stack
                0x0000000020000034      0x604 load address 0x0000000008000cec
                0x0000000020000038                . = ALIGN (0x8)
 *fill*         0x0000000020000034        0x4 
                [!provide]                        PROVIDE (end = .)
                0x0000000020000038                PROVIDE (_end = .)
                0x0000000020000238                . = (. + _Min_Heap_Size)
 *fill*         0x0000000020000038      0x200 
                0x0000000020000638                . = (. + _Min_Stack_Size)
 *fill*         0x0000000020000238      0x400 
                0x0000000020000638                . = ALIGN (0x8)

/DISCARD/
 libc.a(*)
 libm.a(*)
 libgcc.a(*)

.ARM.attributes
                0x0000000000000000       0x30
 *(.ARM.attributes)
 .ARM.attributes
                0x0000000000000000       0x22 /home/imtiaz/st/stm32cubeide_1.4.0_2/plugins/com.st.stm32cube.ide.mcu.externaltools.gnu-tools-for-stm32.7-2018-q2-update.linux64_1.4.0.202007081208/tools/bin/../lib/gcc/arm-none-eabi/7.3.1/thumb/v7e-m/fpv4-sp/hard/crti.o
 .ARM.attributes
                0x0000000000000022       0x34 /home/imtiaz/st/stm32cubeide_1.4.0_2/plugins/com.st.stm32cube.ide.mcu.externaltools.gnu-tools-for-stm32.7-2018-q2-update.linux64_1.4.0.202007081208/tools/bin/../lib/gcc/arm-none-eabi/7.3.1/thumb/v7e-m/fpv4-sp/hard/crtbegin.o
 .ARM.attributes
                0x0000000000000056       0x39 Core/Src/lights.o
 .ARM.attributes
                0x000000000000008f       0x39 Core/Src/main.o
 .ARM.attributes
                0x00000000000000c8       0x39 Core/Src/stm32f4xx_hal_msp.o
 .ARM.attributes
                0x0000000000000101       0x39 Core/Src/stm32f4xx_it.o
 .ARM.attributes
                0x000000000000013a       0x39 Core/Src/system_stm32f4xx.o
 .ARM.attributes
                0x0000000000000173       0x21 Core/Startup/startup_stm32f407vgtx.o
 .ARM.attributes
                0x0000000000000194       0x39 Drivers/STM32F4xx_HAL_Driver/Src/stm32f4xx_hal.o
 .ARM.attributes
                0x00000000000001cd       0x39 Drivers/STM32F4xx_HAL_Driver/Src/stm32f4xx_hal_cortex.o
 .ARM.attributes
                0x0000000000000206       0x39 Drivers/STM32F4xx_HAL_Driver/Src/stm32f4xx_hal_gpio.o
 .ARM.attributes
                0x000000000000023f       0x34 /home/imtiaz/st/stm32cubeide_1.4.0_2/plugins/com.st.stm32cube.ide.mcu.externaltools.gnu-tools-for-stm32.7-2018-q2-update.linux64_1.4.0.202007081208/tools/bin/../lib/gcc/arm-none-eabi/7.3.1/../../../../arm-none-eabi/lib/thumb/v7e-m/fpv4-sp/hard/libc_nano.a(lib_a-init.o)
 .ARM.attributes
                0x0000000000000273       0x22 /home/imtiaz/st/stm32cubeide_1.4.0_2/plugins/com.st.stm32cube.ide.mcu.externaltools.gnu-tools-for-stm32.7-2018-q2-update.linux64_1.4.0.202007081208/tools/bin/../lib/gcc/arm-none-eabi/7.3.1/thumb/v7e-m/fpv4-sp/hard/crtn.o
OUTPUT(TrafficLights.elf elf32-littlearm)

.debug_info     0x0000000000000000     0x329d
 .debug_info    0x0000000000000000      0x352 Core/Src/lights.o
 .debug_info    0x0000000000000352      0x547 Core/Src/main.o
 .debug_info    0x0000000000000899      0x362 Core/Src/stm32f4xx_hal_msp.o
 .debug_info    0x0000000000000bfb      0x20a Core/Src/stm32f4xx_it.o
 .debug_info    0x0000000000000e05      0x554 Core/Src/system_stm32f4xx.o
 .debug_info    0x0000000000001359       0x22 Core/Startup/startup_stm32f407vgtx.o
 .debug_info    0x000000000000137b      0x945 Drivers/STM32F4xx_HAL_Driver/Src/stm32f4xx_hal.o
 .debug_info    0x0000000000001cc0      0xe28 Drivers/STM32F4xx_HAL_Driver/Src/stm32f4xx_hal_cortex.o
 .debug_info    0x0000000000002ae8      0x7b5 Drivers/STM32F4xx_HAL_Driver/Src/stm32f4xx_hal_gpio.o

.debug_abbrev   0x0000000000000000      0xc52
 .debug_abbrev  0x0000000000000000      0x15d Core/Src/lights.o
 .debug_abbrev  0x000000000000015d      0x15f Core/Src/main.o
 .debug_abbrev  0x00000000000002bc      0x109 Core/Src/stm32f4xx_hal_msp.o
 .debug_abbrev  0x00000000000003c5       0xc6 Core/Src/stm32f4xx_it.o
 .debug_abbrev  0x000000000000048b      0x12b Core/Src/system_stm32f4xx.o
 .debug_abbrev  0x00000000000005b6       0x12 Core/Startup/startup_stm32f407vgtx.o
 .debug_abbrev  0x00000000000005c8      0x1c7 Drivers/STM32F4xx_HAL_Driver/Src/stm32f4xx_hal.o
 .debug_abbrev  0x000000000000078f      0x2fa Drivers/STM32F4xx_HAL_Driver/Src/stm32f4xx_hal_cortex.o
 .debug_abbrev  0x0000000000000a89      0x1c9 Drivers/STM32F4xx_HAL_Driver/Src/stm32f4xx_hal_gpio.o

.debug_aranges  0x0000000000000000      0x3a0
 .debug_aranges
                0x0000000000000000       0x48 Core/Src/lights.o
 .debug_aranges
                0x0000000000000048       0x28 Core/Src/main.o
 .debug_aranges
                0x0000000000000070       0x20 Core/Src/stm32f4xx_hal_msp.o
 .debug_aranges
                0x0000000000000090       0x60 Core/Src/stm32f4xx_it.o
 .debug_aranges
                0x00000000000000f0       0x28 Core/Src/system_stm32f4xx.o
 .debug_aranges
                0x0000000000000118       0x28 Core/Startup/startup_stm32f407vgtx.o
 .debug_aranges
                0x0000000000000140       0xf0 Drivers/STM32F4xx_HAL_Driver/Src/stm32f4xx_hal.o
 .debug_aranges
                0x0000000000000230      0x118 Drivers/STM32F4xx_HAL_Driver/Src/stm32f4xx_hal_cortex.o
 .debug_aranges
                0x0000000000000348       0x58 Drivers/STM32F4xx_HAL_Driver/Src/stm32f4xx_hal_gpio.o

.debug_ranges   0x0000000000000000      0x318
 .debug_ranges  0x0000000000000000       0x38 Core/Src/lights.o
 .debug_ranges  0x0000000000000038       0x18 Core/Src/main.o
 .debug_ranges  0x0000000000000050       0x10 Core/Src/stm32f4xx_hal_msp.o
 .debug_ranges  0x0000000000000060       0x50 Core/Src/stm32f4xx_it.o
 .debug_ranges  0x00000000000000b0       0x18 Core/Src/system_stm32f4xx.o
 .debug_ranges  0x00000000000000c8       0x20 Core/Startup/startup_stm32f407vgtx.o
 .debug_ranges  0x00000000000000e8       0xe0 Drivers/STM32F4xx_HAL_Driver/Src/stm32f4xx_hal.o
 .debug_ranges  0x00000000000001c8      0x108 Drivers/STM32F4xx_HAL_Driver/Src/stm32f4xx_hal_cortex.o
 .debug_ranges  0x00000000000002d0       0x48 Drivers/STM32F4xx_HAL_Driver/Src/stm32f4xx_hal_gpio.o

.debug_macro    0x0000000000000000    0x1ee12
 .debug_macro   0x0000000000000000      0x1ce Core/Src/lights.o
 .debug_macro   0x00000000000001ce      0xa5a Core/Src/lights.o
 .debug_macro   0x0000000000000c28      0x288 Core/Src/lights.o
 .debug_macro   0x0000000000000eb0       0x2e Core/Src/lights.o
 .debug_macro   0x0000000000000ede       0x2f Core/Src/lights.o
 .debug_macro   0x0000000000000f0d       0x22 Core/Src/lights.o
 .debug_macro   0x0000000000000f2f       0x8e Core/Src/lights.o
 .debug_macro   0x0000000000000fbd       0x51 Core/Src/lights.o
 .debug_macro   0x000000000000100e       0xef Core/Src/lights.o
 .debug_macro   0x00000000000010fd       0x6a Core/Src/lights.o
 .debug_macro   0x0000000000001167      0x1df Core/Src/lights.o
 .debug_macro   0x0000000000001346       0x1c Core/Src/lights.o
 .debug_macro   0x0000000000001362       0x22 Core/Src/lights.o
 .debug_macro   0x0000000000001384       0xdf Core/Src/lights.o
 .debug_macro   0x0000000000001463     0x102d Core/Src/lights.o
 .debug_macro   0x0000000000002490      0x11f Core/Src/lights.o
 .debug_macro   0x00000000000025af    0x15e3c Core/Src/lights.o
 .debug_macro   0x00000000000183eb       0x43 Core/Src/lights.o
 .debug_macro   0x000000000001842e     0x3659 Core/Src/lights.o
 .debug_macro   0x000000000001ba87      0x174 Core/Src/lights.o
 .debug_macro   0x000000000001bbfb       0x5a Core/Src/lights.o
 .debug_macro   0x000000000001bc55      0x96b Core/Src/lights.o
 .debug_macro   0x000000000001c5c0      0x9fe Core/Src/lights.o
 .debug_macro   0x000000000001cfbe      0x117 Core/Src/lights.o
 .debug_macro   0x000000000001d0d5      0x13e Core/Src/lights.o
 .debug_macro   0x000000000001d213       0x27 Core/Src/lights.o
 .debug_macro   0x000000000001d23a      0x174 Core/Src/lights.o
 .debug_macro   0x000000000001d3ae      0x287 Core/Src/lights.o
 .debug_macro   0x000000000001d635       0x5f Core/Src/lights.o
 .debug_macro   0x000000000001d694      0x236 Core/Src/lights.o
 .debug_macro   0x000000000001d8ca      0x12c Core/Src/lights.o
 .debug_macro   0x000000000001d9f6      0x21e Core/Src/lights.o
 .debug_macro   0x000000000001dc14       0x2e Core/Src/lights.o
 .debug_macro   0x000000000001dc42      0x11a Core/Src/lights.o
 .debug_macro   0x000000000001dd5c       0x7e Core/Src/lights.o
 .debug_macro   0x000000000001ddda       0x89 Core/Src/lights.o
 .debug_macro   0x000000000001de63      0x12d Core/Src/lights.o
 .debug_macro   0x000000000001df90      0x190 Core/Src/lights.o
 .debug_macro   0x000000000001e120       0x40 Core/Src/lights.o
 .debug_macro   0x000000000001e160      0x1ce Core/Src/main.o
 .debug_macro   0x000000000001e32e      0x1bf Core/Src/stm32f4xx_hal_msp.o
 .debug_macro   0x000000000001e4ed      0x1c9 Core/Src/stm32f4xx_it.o
 .debug_macro   0x000000000001e6b6      0x1b6 Core/Src/system_stm32f4xx.o
 .debug_macro   0x000000000001e86c      0x210 Drivers/STM32F4xx_HAL_Driver/Src/stm32f4xx_hal.o
 .debug_macro   0x000000000001ea7c      0x1b0 Drivers/STM32F4xx_HAL_Driver/Src/stm32f4xx_hal_cortex.o
 .debug_macro   0x000000000001ec2c      0x1e6 Drivers/STM32F4xx_HAL_Driver/Src/stm32f4xx_hal_gpio.o

.debug_line     0x0000000000000000     0x3ce7
 .debug_line    0x0000000000000000      0x6fb Core/Src/lights.o
 .debug_line    0x00000000000006fb      0x6ad Core/Src/main.o
 .debug_line    0x0000000000000da8      0x67d Core/Src/stm32f4xx_hal_msp.o
 .debug_line    0x0000000000001425      0x720 Core/Src/stm32f4xx_it.o
 .debug_line    0x0000000000001b45      0x697 Core/Src/system_stm32f4xx.o
 .debug_line    0x00000000000021dc       0x85 Core/Startup/startup_stm32f407vgtx.o
 .debug_line    0x0000000000002261      0x881 Drivers/STM32F4xx_HAL_Driver/Src/stm32f4xx_hal.o
 .debug_line    0x0000000000002ae2      0x9a5 Drivers/STM32F4xx_HAL_Driver/Src/stm32f4xx_hal_cortex.o
 .debug_line    0x0000000000003487      0x860 Drivers/STM32F4xx_HAL_Driver/Src/stm32f4xx_hal_gpio.o

.debug_str      0x0000000000000000    0xbb9cb
 .debug_str     0x0000000000000000    0xba613 Core/Src/lights.o
                                      0xba892 (size before relaxing)
 .debug_str     0x00000000000ba613      0x175 Core/Src/main.o
                                      0xba9ce (size before relaxing)
 .debug_str     0x00000000000ba788       0x2c Core/Src/stm32f4xx_hal_msp.o
                                      0xba7a4 (size before relaxing)
 .debug_str     0x00000000000ba7b4       0xbd Core/Src/stm32f4xx_it.o
                                      0xba732 (size before relaxing)
 .debug_str     0x00000000000ba871       0xc4 Core/Src/system_stm32f4xx.o
                                      0xba1c6 (size before relaxing)
 .debug_str     0x00000000000ba935       0x36 Core/Startup/startup_stm32f407vgtx.o
                                         0x74 (size before relaxing)
 .debug_str     0x00000000000ba96b      0xa84 Drivers/STM32F4xx_HAL_Driver/Src/stm32f4xx_hal.o
                                      0xbac93 (size before relaxing)
 .debug_str     0x00000000000bb3ef      0x3b4 Drivers/STM32F4xx_HAL_Driver/Src/stm32f4xx_hal_cortex.o
                                      0xbaa82 (size before relaxing)
 .debug_str     0x00000000000bb7a3      0x228 Drivers/STM32F4xx_HAL_Driver/Src/stm32f4xx_hal_gpio.o
                                      0xba405 (size before relaxing)

.comment        0x0000000000000000       0x7b
 .comment       0x0000000000000000       0x7b Core/Src/lights.o
                                         0x7c (size before relaxing)
 .comment       0x000000000000007b       0x7c Core/Src/main.o
 .comment       0x000000000000007b       0x7c Core/Src/stm32f4xx_hal_msp.o
 .comment       0x000000000000007b       0x7c Core/Src/stm32f4xx_it.o
 .comment       0x000000000000007b       0x7c Core/Src/system_stm32f4xx.o
 .comment       0x000000000000007b       0x7c Drivers/STM32F4xx_HAL_Driver/Src/stm32f4xx_hal.o
 .comment       0x000000000000007b       0x7c Drivers/STM32F4xx_HAL_Driver/Src/stm32f4xx_hal_cortex.o
 .comment       0x000000000000007b       0x7c Drivers/STM32F4xx_HAL_Driver/Src/stm32f4xx_hal_gpio.o

.debug_frame    0x0000000000000000      0xc38
 .debug_frame   0x0000000000000000       0xc8 Core/Src/lights.o
 .debug_frame   0x00000000000000c8       0x54 Core/Src/main.o
 .debug_frame   0x000000000000011c       0x34 Core/Src/stm32f4xx_hal_msp.o
 .debug_frame   0x0000000000000150      0x10c Core/Src/stm32f4xx_it.o
 .debug_frame   0x000000000000025c       0x58 Core/Src/system_stm32f4xx.o
 .debug_frame   0x00000000000002b4      0x374 Drivers/STM32F4xx_HAL_Driver/Src/stm32f4xx_hal.o
 .debug_frame   0x0000000000000628      0x498 Drivers/STM32F4xx_HAL_Driver/Src/stm32f4xx_hal_cortex.o
 .debug_frame   0x0000000000000ac0      0x14c Drivers/STM32F4xx_HAL_Driver/Src/stm32f4xx_hal_gpio.o
 .debug_frame   0x0000000000000c0c       0x2c /home/imtiaz/st/stm32cubeide_1.4.0_2/plugins/com.st.stm32cube.ide.mcu.externaltools.gnu-tools-for-stm32.7-2018-q2-update.linux64_1.4.0.202007081208/tools/bin/../lib/gcc/arm-none-eabi/7.3.1/../../../../arm-none-eabi/lib/thumb/v7e-m/fpv4-sp/hard/libc_nano.a(lib_a-init.o)
